training/images/EMVi9-OjkBwt6BTvg29k0g.jpg training/v1.2/labels/EMVi9-OjkBwt6BTvg29k0g.png
training/images/9HCKEpoJTnUyvLhYZJZ7Ng.jpg training/v1.2/labels/9HCKEpoJTnUyvLhYZJZ7Ng.png
training/images/-iZRdojTthvZtH8D1id45Q.jpg training/v1.2/labels/-iZRdojTthvZtH8D1id45Q.png
training/images/X16ARY-WQbxNFBiWjZfwPQ.jpg training/v1.2/labels/X16ARY-WQbxNFBiWjZfwPQ.png
training/images/l2VeqgdU7UzHehzskNfFDA.jpg training/v1.2/labels/l2VeqgdU7UzHehzskNfFDA.png
training/images/h_JKLPEYlHi0CCF7ovUZMg.jpg training/v1.2/labels/h_JKLPEYlHi0CCF7ovUZMg.png
training/images/zANdnvH7MkzsX4U3yyn0xw.jpg training/v1.2/labels/zANdnvH7MkzsX4U3yyn0xw.png
training/images/wkhwDdj750mrnQJWhbozNQ.jpg training/v1.2/labels/wkhwDdj750mrnQJWhbozNQ.png
training/images/mTwwnA-8OVi7x3bIII88bg.jpg training/v1.2/labels/mTwwnA-8OVi7x3bIII88bg.png
training/images/FX3BuTSDTLYU2iSD4UOCIQ.jpg training/v1.2/labels/FX3BuTSDTLYU2iSD4UOCIQ.png
training/images/vfVF3I45O1BrIpn8ldtajQ.jpg training/v1.2/labels/vfVF3I45O1BrIpn8ldtajQ.png
training/images/GH6N12hepCPbA_cWArjgfg.jpg training/v1.2/labels/GH6N12hepCPbA_cWArjgfg.png
training/images/wokq_juIv6mMIEHxt9-2IQ.jpg training/v1.2/labels/wokq_juIv6mMIEHxt9-2IQ.png
training/images/6arUEaL7xkq_yfDz6xyy8Q.jpg training/v1.2/labels/6arUEaL7xkq_yfDz6xyy8Q.png
training/images/QucQAIVoZfQoAufdqRkDFg.jpg training/v1.2/labels/QucQAIVoZfQoAufdqRkDFg.png
training/images/1Rk93R1_mnEeFQgPCe4RXw.jpg training/v1.2/labels/1Rk93R1_mnEeFQgPCe4RXw.png
training/images/Bsj7HjPg-s4qoanAaAH0XQ.jpg training/v1.2/labels/Bsj7HjPg-s4qoanAaAH0XQ.png
training/images/pWzEijtPPbnaOAguvaXRyw.jpg training/v1.2/labels/pWzEijtPPbnaOAguvaXRyw.png
training/images/Bwe285OUzTKB01KUh9wiZA.jpg training/v1.2/labels/Bwe285OUzTKB01KUh9wiZA.png
training/images/YOJkcvv9aRQ6TqrB-YoyMQ.jpg training/v1.2/labels/YOJkcvv9aRQ6TqrB-YoyMQ.png
training/images/xdoZP_tTJq6dLBf22knsaw.jpg training/v1.2/labels/xdoZP_tTJq6dLBf22knsaw.png
training/images/nz8siaKddBJQRjyjBDM-Tg.jpg training/v1.2/labels/nz8siaKddBJQRjyjBDM-Tg.png
training/images/wp9KZBIm4OEB3q-Y1G0eEw.jpg training/v1.2/labels/wp9KZBIm4OEB3q-Y1G0eEw.png
training/images/xxEQKD8N8Ujb6WIb8dOI4w.jpg training/v1.2/labels/xxEQKD8N8Ujb6WIb8dOI4w.png
training/images/2oKbkw5mOHN3K2WEiggzDQ.jpg training/v1.2/labels/2oKbkw5mOHN3K2WEiggzDQ.png
training/images/PZNwMPR9nVqWza6JRy5z7w.jpg training/v1.2/labels/PZNwMPR9nVqWza6JRy5z7w.png
training/images/TpQtFiJw5VTi03hcklEwzg.jpg training/v1.2/labels/TpQtFiJw5VTi03hcklEwzg.png
training/images/5Zcf3vUcs_o59pPN3CkjbA.jpg training/v1.2/labels/5Zcf3vUcs_o59pPN3CkjbA.png
training/images/kto5W_J1TmaV6b37kuJmDw.jpg training/v1.2/labels/kto5W_J1TmaV6b37kuJmDw.png
training/images/vOJEUBCx1jYM1-I5_mxZxg.jpg training/v1.2/labels/vOJEUBCx1jYM1-I5_mxZxg.png
training/images/t2LIVaixXYiAb5MXFa5p0Q.jpg training/v1.2/labels/t2LIVaixXYiAb5MXFa5p0Q.png
training/images/OJr6ptovKfrgWcjXfm_FMQ.jpg training/v1.2/labels/OJr6ptovKfrgWcjXfm_FMQ.png
training/images/-9Rwv8nwRvau53Ravsn3-A.jpg training/v1.2/labels/-9Rwv8nwRvau53Ravsn3-A.png
training/images/1GWtGdCmm8PdVkWwpGfgfg.jpg training/v1.2/labels/1GWtGdCmm8PdVkWwpGfgfg.png
training/images/yfPwaOQwv58ySU4lhLMXFA.jpg training/v1.2/labels/yfPwaOQwv58ySU4lhLMXFA.png
training/images/UD1mLPW8i6k11C4t0jq2Hg.jpg training/v1.2/labels/UD1mLPW8i6k11C4t0jq2Hg.png
training/images/gKURZEogcC_UTI--qK4vhA.jpg training/v1.2/labels/gKURZEogcC_UTI--qK4vhA.png
training/images/tNBxGnr_8OnXunFfM9OgeQ.jpg training/v1.2/labels/tNBxGnr_8OnXunFfM9OgeQ.png
training/images/k8hLwmtL11FfHwsI0xarXw.jpg training/v1.2/labels/k8hLwmtL11FfHwsI0xarXw.png
training/images/t1-u4JSyOEbqXtUDhRTafw.jpg training/v1.2/labels/t1-u4JSyOEbqXtUDhRTafw.png
training/images/EgmnkXUf1dg-3iyLaO511A.jpg training/v1.2/labels/EgmnkXUf1dg-3iyLaO511A.png
training/images/7i2ZIIr5iLuT9PPtq-6k9g.jpg training/v1.2/labels/7i2ZIIr5iLuT9PPtq-6k9g.png
training/images/nuU0W4KnfdQBPKGy0Wmepg.jpg training/v1.2/labels/nuU0W4KnfdQBPKGy0Wmepg.png
training/images/yq3FSjv6KvHeTccjhYuhUA.jpg training/v1.2/labels/yq3FSjv6KvHeTccjhYuhUA.png
training/images/ola7io7bM71c8Cqu4IBYjQ.jpg training/v1.2/labels/ola7io7bM71c8Cqu4IBYjQ.png
training/images/onLlIBCXj-eeHSFR-QNmVg.jpg training/v1.2/labels/onLlIBCXj-eeHSFR-QNmVg.png
training/images/sd2PvNOH3e_C27QQ1EB3Xw.jpg training/v1.2/labels/sd2PvNOH3e_C27QQ1EB3Xw.png
training/images/p9dYVMQuBXLas4_2H0gZFg.jpg training/v1.2/labels/p9dYVMQuBXLas4_2H0gZFg.png
training/images/AW0F5Ti1OSreqAyPeFJuFw.jpg training/v1.2/labels/AW0F5Ti1OSreqAyPeFJuFw.png
training/images/3j1KVXoC4MyHrjms3B-PfQ.jpg training/v1.2/labels/3j1KVXoC4MyHrjms3B-PfQ.png
training/images/kWv_7Fg1v4adT5g4hOwX_Q.jpg training/v1.2/labels/kWv_7Fg1v4adT5g4hOwX_Q.png
training/images/TrewTa7wUttj34bGpDwwQQ.jpg training/v1.2/labels/TrewTa7wUttj34bGpDwwQQ.png
training/images/IqQSscitf26tyTsT0GeJ0g.jpg training/v1.2/labels/IqQSscitf26tyTsT0GeJ0g.png
training/images/P8jpjLIhOrSO0ojfyLS3kg.jpg training/v1.2/labels/P8jpjLIhOrSO0ojfyLS3kg.png
training/images/osm-oJv_4ujFBsYBPhDzYA.jpg training/v1.2/labels/osm-oJv_4ujFBsYBPhDzYA.png
training/images/GOwo8J4mlKZy5w_s0Nfmxg.jpg training/v1.2/labels/GOwo8J4mlKZy5w_s0Nfmxg.png
training/images/v2WpUC8WQL2wYBXM_356Gg.jpg training/v1.2/labels/v2WpUC8WQL2wYBXM_356Gg.png
training/images/UP1OFRxydq1jMl_AF098pQ.jpg training/v1.2/labels/UP1OFRxydq1jMl_AF098pQ.png
training/images/HMjSJraT54SCO1VjCjbN7g.jpg training/v1.2/labels/HMjSJraT54SCO1VjCjbN7g.png
training/images/RP2NkSxAr89Ds8z5YuAnPA.jpg training/v1.2/labels/RP2NkSxAr89Ds8z5YuAnPA.png
training/images/7JqGalD2liCVwwOWqteNzw.jpg training/v1.2/labels/7JqGalD2liCVwwOWqteNzw.png
training/images/fcpRXDcLXahiKn-INz59cQ.jpg training/v1.2/labels/fcpRXDcLXahiKn-INz59cQ.png
training/images/MWz04y6Db1ytlQZ8pl0nWg.jpg training/v1.2/labels/MWz04y6Db1ytlQZ8pl0nWg.png
training/images/FZWJYn8XGjtStEa8giXRzg.jpg training/v1.2/labels/FZWJYn8XGjtStEa8giXRzg.png
training/images/uQWmcAePc_p5mJDn3sGLsA.jpg training/v1.2/labels/uQWmcAePc_p5mJDn3sGLsA.png
training/images/0afBU-MEV1AC9LDuqt3wBw.jpg training/v1.2/labels/0afBU-MEV1AC9LDuqt3wBw.png
training/images/tx_kZCedybyXWHaXHuplrw.jpg training/v1.2/labels/tx_kZCedybyXWHaXHuplrw.png
training/images/eGFGPtawjobDVgzIgNdXVQ.jpg training/v1.2/labels/eGFGPtawjobDVgzIgNdXVQ.png
training/images/d3UXv3ITDApmwvQSLPtxOw.jpg training/v1.2/labels/d3UXv3ITDApmwvQSLPtxOw.png
training/images/SxwMxbSbzFQYJ4Gej383-g.jpg training/v1.2/labels/SxwMxbSbzFQYJ4Gej383-g.png
training/images/8iQV-R1grv1laQD656Gngw.jpg training/v1.2/labels/8iQV-R1grv1laQD656Gngw.png
training/images/3YwsM8izaRSXfCj2A7YhBg.jpg training/v1.2/labels/3YwsM8izaRSXfCj2A7YhBg.png
training/images/YodVKDzwNwaYKFEx4UOftA.jpg training/v1.2/labels/YodVKDzwNwaYKFEx4UOftA.png
training/images/ROlse0KujGihtG5vzSCCTw.jpg training/v1.2/labels/ROlse0KujGihtG5vzSCCTw.png
training/images/Xkhlb9FjthFrBeMwDHxBeA.jpg training/v1.2/labels/Xkhlb9FjthFrBeMwDHxBeA.png
training/images/oMJ02NFC8p0DRG2wSXCSHQ.jpg training/v1.2/labels/oMJ02NFC8p0DRG2wSXCSHQ.png
training/images/7izM-KCKr_1PvQuRZzO4Xw.jpg training/v1.2/labels/7izM-KCKr_1PvQuRZzO4Xw.png
training/images/x_Fvm0yF02kFo5P3iIghnA.jpg training/v1.2/labels/x_Fvm0yF02kFo5P3iIghnA.png
training/images/tD95ABJTAaen8y6Vf4kW8w.jpg training/v1.2/labels/tD95ABJTAaen8y6Vf4kW8w.png
training/images/V1-fgHPPMNuzN1HRexfZZg.jpg training/v1.2/labels/V1-fgHPPMNuzN1HRexfZZg.png
training/images/BD4St4ST2VKzEuWEQiNEJA.jpg training/v1.2/labels/BD4St4ST2VKzEuWEQiNEJA.png
training/images/04m4f91ob7I0XpE36ZDFLw.jpg training/v1.2/labels/04m4f91ob7I0XpE36ZDFLw.png
training/images/jIVGBSFUF8KdQKCKTpy6NA.jpg training/v1.2/labels/jIVGBSFUF8KdQKCKTpy6NA.png
training/images/tAn17jIt6Wy4pkMcyvJGEg.jpg training/v1.2/labels/tAn17jIt6Wy4pkMcyvJGEg.png
training/images/nIMUeuXNhuurEgoi--2bKw.jpg training/v1.2/labels/nIMUeuXNhuurEgoi--2bKw.png
training/images/eLLJULD0sAGD9B6C-w2a7w.jpg training/v1.2/labels/eLLJULD0sAGD9B6C-w2a7w.png
training/images/2QoFlbxaInpTaL9t0O8CXA.jpg training/v1.2/labels/2QoFlbxaInpTaL9t0O8CXA.png
training/images/mF2SuW5mxoDt3-xYoodJNg.jpg training/v1.2/labels/mF2SuW5mxoDt3-xYoodJNg.png
training/images/AvsbUqF_XKYSeLxTWcEoSg.jpg training/v1.2/labels/AvsbUqF_XKYSeLxTWcEoSg.png
training/images/6b-zt1gg3ipO-m0e8lJlYQ.jpg training/v1.2/labels/6b-zt1gg3ipO-m0e8lJlYQ.png
training/images/auP1yMvADOQP57hXelv8Bw.jpg training/v1.2/labels/auP1yMvADOQP57hXelv8Bw.png
training/images/J3SKKSQ2xt671w2NTP0rMA.jpg training/v1.2/labels/J3SKKSQ2xt671w2NTP0rMA.png
training/images/camoHp_U2GRE7I_Beba9yg.jpg training/v1.2/labels/camoHp_U2GRE7I_Beba9yg.png
training/images/7ra3mJiS43cB6baY6Qf6YQ.jpg training/v1.2/labels/7ra3mJiS43cB6baY6Qf6YQ.png
training/images/gNuJFRDVmDNTmfKrK-55AA.jpg training/v1.2/labels/gNuJFRDVmDNTmfKrK-55AA.png
training/images/oi04O6LA3C-Jf-DX7ug6iw.jpg training/v1.2/labels/oi04O6LA3C-Jf-DX7ug6iw.png
training/images/VigjHe1R2Chav78CS5OFng.jpg training/v1.2/labels/VigjHe1R2Chav78CS5OFng.png
training/images/dcMvp99SfUhHAaiFXNVEnQ.jpg training/v1.2/labels/dcMvp99SfUhHAaiFXNVEnQ.png
training/images/9xLFWMI4N-v3RkIQzSAuTg.jpg training/v1.2/labels/9xLFWMI4N-v3RkIQzSAuTg.png
training/images/E5wleMcdunYENNIsFwrR9A.jpg training/v1.2/labels/E5wleMcdunYENNIsFwrR9A.png
training/images/0pYwuKfHQF1I5NJun09UoA.jpg training/v1.2/labels/0pYwuKfHQF1I5NJun09UoA.png
training/images/66z2DX6Z2pWU5n-P8rfD3Q.jpg training/v1.2/labels/66z2DX6Z2pWU5n-P8rfD3Q.png
training/images/0I9TFN42AwpPXZ8TvUyUoA.jpg training/v1.2/labels/0I9TFN42AwpPXZ8TvUyUoA.png
training/images/d4ft70oJx8rSOIvwp5te3g.jpg training/v1.2/labels/d4ft70oJx8rSOIvwp5te3g.png
training/images/Ns8Ir7mbsQCpk_3qp9IEqw.jpg training/v1.2/labels/Ns8Ir7mbsQCpk_3qp9IEqw.png
training/images/BbVKHo3OwGoaM6KS334XCQ.jpg training/v1.2/labels/BbVKHo3OwGoaM6KS334XCQ.png
training/images/PTWUmSMyW7LxEVmW-quJbA.jpg training/v1.2/labels/PTWUmSMyW7LxEVmW-quJbA.png
training/images/RTRIvX3zC944f70CrV5PUQ.jpg training/v1.2/labels/RTRIvX3zC944f70CrV5PUQ.png
training/images/vsVvTii9e92Twgj4ssvx3Q.jpg training/v1.2/labels/vsVvTii9e92Twgj4ssvx3Q.png
training/images/xP6IZC3ncCu-2uLwlMHgeg.jpg training/v1.2/labels/xP6IZC3ncCu-2uLwlMHgeg.png
training/images/_Ba86akFyq30eg3aJI8lng.jpg training/v1.2/labels/_Ba86akFyq30eg3aJI8lng.png
training/images/h-QX0W6qE0pw4c8JKEECpA.jpg training/v1.2/labels/h-QX0W6qE0pw4c8JKEECpA.png
training/images/d4515zCpAKE3D_ni-jHLCA.jpg training/v1.2/labels/d4515zCpAKE3D_ni-jHLCA.png
training/images/SpjCD-FSwJQjUy3StQeZmg.jpg training/v1.2/labels/SpjCD-FSwJQjUy3StQeZmg.png
training/images/gq19jvsW37unH6YUGnAe2Q.jpg training/v1.2/labels/gq19jvsW37unH6YUGnAe2Q.png
training/images/Y7XUYhTrun7qoGVkgDOnew.jpg training/v1.2/labels/Y7XUYhTrun7qoGVkgDOnew.png
training/images/nE_kshT3Wh8ip8pw_K9jwg.jpg training/v1.2/labels/nE_kshT3Wh8ip8pw_K9jwg.png
training/images/JDkJMqhyR2Sr3OBLUbnCVA.jpg training/v1.2/labels/JDkJMqhyR2Sr3OBLUbnCVA.png
training/images/Pr2waIvCkSw1Cd8CAxkh7w.jpg training/v1.2/labels/Pr2waIvCkSw1Cd8CAxkh7w.png
training/images/ajyvAPGqZoetEuEujFsjFg.jpg training/v1.2/labels/ajyvAPGqZoetEuEujFsjFg.png
training/images/jxhzG7Z6TtX7HNZmXNkNeA.jpg training/v1.2/labels/jxhzG7Z6TtX7HNZmXNkNeA.png
training/images/BDEWXly360gQOZ_Bslh3TA.jpg training/v1.2/labels/BDEWXly360gQOZ_Bslh3TA.png
training/images/sBunEj3EReZ-F77Hk9LJ1w.jpg training/v1.2/labels/sBunEj3EReZ-F77Hk9LJ1w.png
training/images/22UfuNvUV5FAbwpm2whCsg.jpg training/v1.2/labels/22UfuNvUV5FAbwpm2whCsg.png
training/images/3YyiXZ6N8Hx7CdWhNYdr9w.jpg training/v1.2/labels/3YyiXZ6N8Hx7CdWhNYdr9w.png
training/images/oJd1-_AlrLiEnWojmkGnXw.jpg training/v1.2/labels/oJd1-_AlrLiEnWojmkGnXw.png
training/images/iWH47RtcTB7U_9_rZPQRLA.jpg training/v1.2/labels/iWH47RtcTB7U_9_rZPQRLA.png
training/images/Nc4oUY6z279HvtHX03EuQw.jpg training/v1.2/labels/Nc4oUY6z279HvtHX03EuQw.png
training/images/Uhi8gwB2OkRi13kvgQ1Xeg.jpg training/v1.2/labels/Uhi8gwB2OkRi13kvgQ1Xeg.png
training/images/VUSBM9xLbuDyUuVSna469w.jpg training/v1.2/labels/VUSBM9xLbuDyUuVSna469w.png
training/images/Ln9gWhkW_sVmxIRy3QTD8Q.jpg training/v1.2/labels/Ln9gWhkW_sVmxIRy3QTD8Q.png
training/images/j7__n4nGaeRrsRhqpqU71Q.jpg training/v1.2/labels/j7__n4nGaeRrsRhqpqU71Q.png
training/images/8qnQfG0Re95KJejzK49OkQ.jpg training/v1.2/labels/8qnQfG0Re95KJejzK49OkQ.png
training/images/cY742b-JCYwyovXx-5DEWA.jpg training/v1.2/labels/cY742b-JCYwyovXx-5DEWA.png
training/images/f7-J3RlgPlU3SiCncVQdEQ.jpg training/v1.2/labels/f7-J3RlgPlU3SiCncVQdEQ.png
training/images/TUSJdP-qFSu5L6xMSg6ddA.jpg training/v1.2/labels/TUSJdP-qFSu5L6xMSg6ddA.png
training/images/DcvTO_Xz42ghh95t_-i-Ow.jpg training/v1.2/labels/DcvTO_Xz42ghh95t_-i-Ow.png
training/images/-2H8gOJp_LEvus2Y6pCIOA.jpg training/v1.2/labels/-2H8gOJp_LEvus2Y6pCIOA.png
training/images/_0R1piHytmNxzCyp5YjF8g.jpg training/v1.2/labels/_0R1piHytmNxzCyp5YjF8g.png
training/images/cq0ZUulxe-smIzyilznFXQ.jpg training/v1.2/labels/cq0ZUulxe-smIzyilznFXQ.png
training/images/wuitxXlETPcsDfZdgOcsZA.jpg training/v1.2/labels/wuitxXlETPcsDfZdgOcsZA.png
training/images/STs-DKe3qCvjmz2fVpvsRQ.jpg training/v1.2/labels/STs-DKe3qCvjmz2fVpvsRQ.png
training/images/jfBhDO_qfvaUrnZHRlQOYA.jpg training/v1.2/labels/jfBhDO_qfvaUrnZHRlQOYA.png
training/images/GWyr-zc0q6lqQZGHnoWxLQ.jpg training/v1.2/labels/GWyr-zc0q6lqQZGHnoWxLQ.png
training/images/bEhMFTyG4bhksVYM5cBNag.jpg training/v1.2/labels/bEhMFTyG4bhksVYM5cBNag.png
training/images/UKLn8AAnB5M7po69oHD4rQ.jpg training/v1.2/labels/UKLn8AAnB5M7po69oHD4rQ.png
training/images/g5165UFxH3Q_ujox_wUfLA.jpg training/v1.2/labels/g5165UFxH3Q_ujox_wUfLA.png
training/images/qNpOJMYAvl9oozXX6ey2RA.jpg training/v1.2/labels/qNpOJMYAvl9oozXX6ey2RA.png
training/images/zpOQfvo3deAc_qQK7yssjw.jpg training/v1.2/labels/zpOQfvo3deAc_qQK7yssjw.png
training/images/_BZp9fQ0PY2v7LGEesKWwg.jpg training/v1.2/labels/_BZp9fQ0PY2v7LGEesKWwg.png
training/images/Wqq5_KatcPCDexBkG57RcQ.jpg training/v1.2/labels/Wqq5_KatcPCDexBkG57RcQ.png
training/images/TM10CKhdTkpj5QFs4oagrQ.jpg training/v1.2/labels/TM10CKhdTkpj5QFs4oagrQ.png
training/images/22nwITWPX0Nqocv2QA3fVQ.jpg training/v1.2/labels/22nwITWPX0Nqocv2QA3fVQ.png
training/images/7SPMOtVBWPy0SEJu7Jq5gA.jpg training/v1.2/labels/7SPMOtVBWPy0SEJu7Jq5gA.png
training/images/Syow31aB02cJdLnpPPFz0w.jpg training/v1.2/labels/Syow31aB02cJdLnpPPFz0w.png
training/images/76Nf0Dmc8R-LPm8tc9kZzA.jpg training/v1.2/labels/76Nf0Dmc8R-LPm8tc9kZzA.png
training/images/B8pFvAY88k8OGyZ9B7csEA.jpg training/v1.2/labels/B8pFvAY88k8OGyZ9B7csEA.png
training/images/ju7gS1-iTQ_PcgMykYJNlQ.jpg training/v1.2/labels/ju7gS1-iTQ_PcgMykYJNlQ.png
training/images/FHLuS-PmY02wMOAViQxQwA.jpg training/v1.2/labels/FHLuS-PmY02wMOAViQxQwA.png
training/images/kgqicpaqa5aXdDahaOLcpQ.jpg training/v1.2/labels/kgqicpaqa5aXdDahaOLcpQ.png
training/images/LkB2H835POYtRvMfnZcW7w.jpg training/v1.2/labels/LkB2H835POYtRvMfnZcW7w.png
training/images/gWSHdULrDU5XGNu5rplZOA.jpg training/v1.2/labels/gWSHdULrDU5XGNu5rplZOA.png
training/images/8Me3XEOQ8Y7dp1mI7RhxGw.jpg training/v1.2/labels/8Me3XEOQ8Y7dp1mI7RhxGw.png
training/images/0KrHv3TUtS-L10NF5jPl7w.jpg training/v1.2/labels/0KrHv3TUtS-L10NF5jPl7w.png
training/images/014cEvKoAuTJgL6yJvmZow.jpg training/v1.2/labels/014cEvKoAuTJgL6yJvmZow.png
training/images/wJXsacNtoVf12yiLwvCZ4Q.jpg training/v1.2/labels/wJXsacNtoVf12yiLwvCZ4Q.png
training/images/DT3Q93BC8mZl5stn9RSO8w.jpg training/v1.2/labels/DT3Q93BC8mZl5stn9RSO8w.png
training/images/4iWA8IKPvs-ekZlIbZKNuQ.jpg training/v1.2/labels/4iWA8IKPvs-ekZlIbZKNuQ.png
training/images/NJ_4kBBdK1d1oTuWKkiGBQ.jpg training/v1.2/labels/NJ_4kBBdK1d1oTuWKkiGBQ.png
training/images/U-2pTbs_mT-Kxos5AMg5DA.jpg training/v1.2/labels/U-2pTbs_mT-Kxos5AMg5DA.png
training/images/7T8oMowBrxtLZm9iYzFpJw.jpg training/v1.2/labels/7T8oMowBrxtLZm9iYzFpJw.png
training/images/Up-8wmTvTJrd0hg-IZ3tTw.jpg training/v1.2/labels/Up-8wmTvTJrd0hg-IZ3tTw.png
training/images/TQnDx4xmL--VmFzvWbh93Q.jpg training/v1.2/labels/TQnDx4xmL--VmFzvWbh93Q.png
training/images/jM31zj67ADEHRrD1uvHAgw.jpg training/v1.2/labels/jM31zj67ADEHRrD1uvHAgw.png
training/images/1obz149JqftmCTeTTRfBcA.jpg training/v1.2/labels/1obz149JqftmCTeTTRfBcA.png
training/images/whu9soLHtH8g1yCzV4FPZw.jpg training/v1.2/labels/whu9soLHtH8g1yCzV4FPZw.png
training/images/q1jXw7EC-QDBWntrlxuJ9g.jpg training/v1.2/labels/q1jXw7EC-QDBWntrlxuJ9g.png
training/images/fS2NjonoWotbpOJhU4dxUA.jpg training/v1.2/labels/fS2NjonoWotbpOJhU4dxUA.png
training/images/ZyLMHl2pTQs_4Lt3Nj1K4A.jpg training/v1.2/labels/ZyLMHl2pTQs_4Lt3Nj1K4A.png
training/images/DJNQ7My9HIe-1uoRQuJDEQ.jpg training/v1.2/labels/DJNQ7My9HIe-1uoRQuJDEQ.png
training/images/henK505-raTFFpB4BFxemg.jpg training/v1.2/labels/henK505-raTFFpB4BFxemg.png
training/images/ZVNQa-fLdCKJGByZGRSU_Q.jpg training/v1.2/labels/ZVNQa-fLdCKJGByZGRSU_Q.png
training/images/MiLo5SxnUMeLs3COYQ09FA.jpg training/v1.2/labels/MiLo5SxnUMeLs3COYQ09FA.png
training/images/c6M1XO6RHVmqQBqWEH0qyA.jpg training/v1.2/labels/c6M1XO6RHVmqQBqWEH0qyA.png
training/images/7IDaWTITgKctCrkI5_jxXA.jpg training/v1.2/labels/7IDaWTITgKctCrkI5_jxXA.png
training/images/bqe8_X7gFfUozvnlfp11MA.jpg training/v1.2/labels/bqe8_X7gFfUozvnlfp11MA.png
training/images/gHC9qa89hQQxyl0AaNpxKw.jpg training/v1.2/labels/gHC9qa89hQQxyl0AaNpxKw.png
training/images/49uPurIZ8xh38YxUgnmEWQ.jpg training/v1.2/labels/49uPurIZ8xh38YxUgnmEWQ.png
training/images/ltAKRO284vP0mzJfHyjx5w.jpg training/v1.2/labels/ltAKRO284vP0mzJfHyjx5w.png
training/images/agUbyraNojbGnnXQdV6Bug.jpg training/v1.2/labels/agUbyraNojbGnnXQdV6Bug.png
training/images/OLDZXDA6G02Qi4lfaX2OJw.jpg training/v1.2/labels/OLDZXDA6G02Qi4lfaX2OJw.png
training/images/k4yCmJemPZQK7Txc6hDxOQ.jpg training/v1.2/labels/k4yCmJemPZQK7Txc6hDxOQ.png
training/images/wI_dS2zQJQVW7yBSR57Y7w.jpg training/v1.2/labels/wI_dS2zQJQVW7yBSR57Y7w.png
training/images/fzp1qxOQoV1sAobt8kF69A.jpg training/v1.2/labels/fzp1qxOQoV1sAobt8kF69A.png
training/images/a2UIBPlbQN-pvRD99l2Nrg.jpg training/v1.2/labels/a2UIBPlbQN-pvRD99l2Nrg.png
training/images/5uqBphOJa5PGnzwVuGnBIw.jpg training/v1.2/labels/5uqBphOJa5PGnzwVuGnBIw.png
training/images/y7MaX6ryFVJrFAd8ocxzyQ.jpg training/v1.2/labels/y7MaX6ryFVJrFAd8ocxzyQ.png
training/images/W2Bfo3msRLaelYyC04n-7A.jpg training/v1.2/labels/W2Bfo3msRLaelYyC04n-7A.png
training/images/pCphrEGfWuMLm6EA3Dcd_w.jpg training/v1.2/labels/pCphrEGfWuMLm6EA3Dcd_w.png
training/images/41MeNiLklCoamMQtjYX1-g.jpg training/v1.2/labels/41MeNiLklCoamMQtjYX1-g.png
training/images/h7tnVkCfwtAoTGn6fZx1xA.jpg training/v1.2/labels/h7tnVkCfwtAoTGn6fZx1xA.png
training/images/3ivFRMbQkcFLUympJvwKNQ.jpg training/v1.2/labels/3ivFRMbQkcFLUympJvwKNQ.png
training/images/5-vEx3LLdH4QVE0E8ZMe0w.jpg training/v1.2/labels/5-vEx3LLdH4QVE0E8ZMe0w.png
training/images/wQtRhV0tZu2s-qNQKkDliQ.jpg training/v1.2/labels/wQtRhV0tZu2s-qNQKkDliQ.png
training/images/d2W0GmDqm4-OUlEdUObYrQ.jpg training/v1.2/labels/d2W0GmDqm4-OUlEdUObYrQ.png
training/images/yWjUYQ_e6OMYh0N1omw54g.jpg training/v1.2/labels/yWjUYQ_e6OMYh0N1omw54g.png
training/images/DRMG5UZIMKTsTvDYPr3Gmw.jpg training/v1.2/labels/DRMG5UZIMKTsTvDYPr3Gmw.png
training/images/h709zLXfu4eeOJzMvN6yMQ.jpg training/v1.2/labels/h709zLXfu4eeOJzMvN6yMQ.png
training/images/klrFi15yG2gCTQPfEertHQ.jpg training/v1.2/labels/klrFi15yG2gCTQPfEertHQ.png
training/images/8rVaf59oa6YYBrF7B0qHzw.jpg training/v1.2/labels/8rVaf59oa6YYBrF7B0qHzw.png
training/images/vnPMRCjD42YM00sOkgEiWA.jpg training/v1.2/labels/vnPMRCjD42YM00sOkgEiWA.png
training/images/iomUASxsF88qqRoWHEv1fQ.jpg training/v1.2/labels/iomUASxsF88qqRoWHEv1fQ.png
training/images/9OxVdNOAdPsjVaZrvUVmHw.jpg training/v1.2/labels/9OxVdNOAdPsjVaZrvUVmHw.png
training/images/XRTkOuVz-phjQWIppGGDyQ.jpg training/v1.2/labels/XRTkOuVz-phjQWIppGGDyQ.png
training/images/0ZS566T8qq8rsB8azretQQ.jpg training/v1.2/labels/0ZS566T8qq8rsB8azretQQ.png
training/images/NCPw39wnmM0ofWRGW12J3w.jpg training/v1.2/labels/NCPw39wnmM0ofWRGW12J3w.png
training/images/ibPZrpf4KMhkrELuVmCZTA.jpg training/v1.2/labels/ibPZrpf4KMhkrELuVmCZTA.png
training/images/Zze_07dgys0yVGjAjqHSqQ.jpg training/v1.2/labels/Zze_07dgys0yVGjAjqHSqQ.png
training/images/Y29EEmtcB4S3atAV4ru2hg.jpg training/v1.2/labels/Y29EEmtcB4S3atAV4ru2hg.png
training/images/WqX3kzZdAHssPKa6MN_KxQ.jpg training/v1.2/labels/WqX3kzZdAHssPKa6MN_KxQ.png
training/images/Vq-fR2XsUcks9dQyTsrczg.jpg training/v1.2/labels/Vq-fR2XsUcks9dQyTsrczg.png
training/images/YY87tfNphX18pLbIgI6eaw.jpg training/v1.2/labels/YY87tfNphX18pLbIgI6eaw.png
training/images/uxmGPxd_ZWj-L3X1rCSoLw.jpg training/v1.2/labels/uxmGPxd_ZWj-L3X1rCSoLw.png
training/images/yekPBqA6pFr5UEKhqudM9w.jpg training/v1.2/labels/yekPBqA6pFr5UEKhqudM9w.png
training/images/YMF28OGqLm_3aWlK4CfRKQ.jpg training/v1.2/labels/YMF28OGqLm_3aWlK4CfRKQ.png
training/images/kcmYvepg3QWOw1DLScNmpQ.jpg training/v1.2/labels/kcmYvepg3QWOw1DLScNmpQ.png
training/images/n9G2nJxgmymVr1xp4zZo2w.jpg training/v1.2/labels/n9G2nJxgmymVr1xp4zZo2w.png
training/images/DnDngjahf_VU-r4cxlj_ow.jpg training/v1.2/labels/DnDngjahf_VU-r4cxlj_ow.png
training/images/dDh8-qC3r3SA-vix1dslsw.jpg training/v1.2/labels/dDh8-qC3r3SA-vix1dslsw.png
training/images/zOoG2IaITROm6i87kuWuJg.jpg training/v1.2/labels/zOoG2IaITROm6i87kuWuJg.png
training/images/DEv_u10BT69Vz_KTbhV7rg.jpg training/v1.2/labels/DEv_u10BT69Vz_KTbhV7rg.png
training/images/Zw1MHAWOBEbcze-wGliexg.jpg training/v1.2/labels/Zw1MHAWOBEbcze-wGliexg.png
training/images/_XoucDnliQmI2INZG7Ua3g.jpg training/v1.2/labels/_XoucDnliQmI2INZG7Ua3g.png
training/images/fehrOlUwIB8Zmy8G93xPnQ.jpg training/v1.2/labels/fehrOlUwIB8Zmy8G93xPnQ.png
training/images/Es0brb2LmF4dKWoGsqx9tw.jpg training/v1.2/labels/Es0brb2LmF4dKWoGsqx9tw.png
training/images/suNs2xsftD4aSa1EvmiC7Q.jpg training/v1.2/labels/suNs2xsftD4aSa1EvmiC7Q.png
training/images/PgWu_DdfQV9WDEV6eeD3Hw.jpg training/v1.2/labels/PgWu_DdfQV9WDEV6eeD3Hw.png
training/images/--jRsD9anHdGxv4ZOCQktA.jpg training/v1.2/labels/--jRsD9anHdGxv4ZOCQktA.png
training/images/XWizqIbB54aDFlmddwLC5Q.jpg training/v1.2/labels/XWizqIbB54aDFlmddwLC5Q.png
training/images/-MVFdfakzYTZdHvvdSUXcg.jpg training/v1.2/labels/-MVFdfakzYTZdHvvdSUXcg.png
training/images/7Hv4Rwgm0SkJnW_LgzXxxA.jpg training/v1.2/labels/7Hv4Rwgm0SkJnW_LgzXxxA.png
training/images/84d0yKfr7a_g5BRaoK-5Vg.jpg training/v1.2/labels/84d0yKfr7a_g5BRaoK-5Vg.png
training/images/39V1K6zXZ_lOmq4WFxDSmA.jpg training/v1.2/labels/39V1K6zXZ_lOmq4WFxDSmA.png
training/images/28K3IJBKqkjYsmZuLmT9QA.jpg training/v1.2/labels/28K3IJBKqkjYsmZuLmT9QA.png
training/images/4sji6q06rDD3fbXaYuA7LA.jpg training/v1.2/labels/4sji6q06rDD3fbXaYuA7LA.png
training/images/sZk_YqFTAUoUv7rZSCieoA.jpg training/v1.2/labels/sZk_YqFTAUoUv7rZSCieoA.png
training/images/YSPO0gMHe3bMf4ow9buIGA.jpg training/v1.2/labels/YSPO0gMHe3bMf4ow9buIGA.png
training/images/JCXu9RAFpMBWEIgeSo4AeA.jpg training/v1.2/labels/JCXu9RAFpMBWEIgeSo4AeA.png
training/images/jPf4K7hZUN8l3_JZgb08cA.jpg training/v1.2/labels/jPf4K7hZUN8l3_JZgb08cA.png
training/images/emE9vfFLH_cZ85EDhBYrYA.jpg training/v1.2/labels/emE9vfFLH_cZ85EDhBYrYA.png
training/images/r8kN0OQgfrIzVqXRnm6h2w.jpg training/v1.2/labels/r8kN0OQgfrIzVqXRnm6h2w.png
training/images/b8KyJaouFFZk4hGtiSaQkw.jpg training/v1.2/labels/b8KyJaouFFZk4hGtiSaQkw.png
training/images/v_y52MmYXHTEzxK1YxyLOg.jpg training/v1.2/labels/v_y52MmYXHTEzxK1YxyLOg.png
training/images/LlBbqhy5Bq45WQVAJ3vdvg.jpg training/v1.2/labels/LlBbqhy5Bq45WQVAJ3vdvg.png
training/images/VNCJKfV0ZHj1sNU69LdG3Q.jpg training/v1.2/labels/VNCJKfV0ZHj1sNU69LdG3Q.png
training/images/iQaFi2dIQSRrhrxIrJZfig.jpg training/v1.2/labels/iQaFi2dIQSRrhrxIrJZfig.png
training/images/6somCp4u7IZC2et7T_zcqA.jpg training/v1.2/labels/6somCp4u7IZC2et7T_zcqA.png
training/images/e8NSAWiv8tta6Gk7pvJ7GQ.jpg training/v1.2/labels/e8NSAWiv8tta6Gk7pvJ7GQ.png
training/images/5SYX7i4qJFPfmWGbrUznFQ.jpg training/v1.2/labels/5SYX7i4qJFPfmWGbrUznFQ.png
training/images/vV867h5ECeIETaRoec3_0w.jpg training/v1.2/labels/vV867h5ECeIETaRoec3_0w.png
training/images/MlTfTEe0Nb-p9w7Mq-TeDA.jpg training/v1.2/labels/MlTfTEe0Nb-p9w7Mq-TeDA.png
training/images/jXCsJs3BG4DTykOIbM_ofA.jpg training/v1.2/labels/jXCsJs3BG4DTykOIbM_ofA.png
training/images/0TYlzT4htyTcqKVpKgYLFw.jpg training/v1.2/labels/0TYlzT4htyTcqKVpKgYLFw.png
training/images/O930gUmIgfoFK5hNqdSHUw.jpg training/v1.2/labels/O930gUmIgfoFK5hNqdSHUw.png
training/images/0YNU9HxEXdaEf5T-TogA2Q.jpg training/v1.2/labels/0YNU9HxEXdaEf5T-TogA2Q.png
training/images/yvlgBJ0daRjnglTt2XJlXA.jpg training/v1.2/labels/yvlgBJ0daRjnglTt2XJlXA.png
training/images/Zbm1Gi7lCoHx5AeYXO-a8w.jpg training/v1.2/labels/Zbm1Gi7lCoHx5AeYXO-a8w.png
training/images/3DzRQi6eFW3zaMc8pJKgkQ.jpg training/v1.2/labels/3DzRQi6eFW3zaMc8pJKgkQ.png
training/images/_8eTYoj42_9qma3lXoyjsA.jpg training/v1.2/labels/_8eTYoj42_9qma3lXoyjsA.png
training/images/QnZBZBKQzCvbYA6U1RpyTQ.jpg training/v1.2/labels/QnZBZBKQzCvbYA6U1RpyTQ.png
training/images/qUOmtzId0lsDf2isbu7R4Q.jpg training/v1.2/labels/qUOmtzId0lsDf2isbu7R4Q.png
training/images/ZpgCh6Dv_lHheS3UhlGmtg.jpg training/v1.2/labels/ZpgCh6Dv_lHheS3UhlGmtg.png
training/images/vQBg82RkRvb8c95bAYIIQQ.jpg training/v1.2/labels/vQBg82RkRvb8c95bAYIIQQ.png
training/images/5Qd0emTtkGN3R4yO-L5Ocg.jpg training/v1.2/labels/5Qd0emTtkGN3R4yO-L5Ocg.png
training/images/7XEfPqcafRbYstwwT4jzuA.jpg training/v1.2/labels/7XEfPqcafRbYstwwT4jzuA.png
training/images/24cmAhf_Hb5xITbuQZyq4w.jpg training/v1.2/labels/24cmAhf_Hb5xITbuQZyq4w.png
training/images/yCIc8pY2NL0XLRgqzEvgPw.jpg training/v1.2/labels/yCIc8pY2NL0XLRgqzEvgPw.png
training/images/xU-mNRH87In-j7ki5eBYqg.jpg training/v1.2/labels/xU-mNRH87In-j7ki5eBYqg.png
training/images/GL-U3mi4opQ5R2H00Vv7xA.jpg training/v1.2/labels/GL-U3mi4opQ5R2H00Vv7xA.png
training/images/meNQwgJmmFkHGsaQhYvH3g.jpg training/v1.2/labels/meNQwgJmmFkHGsaQhYvH3g.png
training/images/ZFH2PsJ012oQNTK_cEOxVw.jpg training/v1.2/labels/ZFH2PsJ012oQNTK_cEOxVw.png
training/images/DBp4FEttQexKIrVSo1atxA.jpg training/v1.2/labels/DBp4FEttQexKIrVSo1atxA.png
training/images/WwKECkk4ur0TAGJalJyM2Q.jpg training/v1.2/labels/WwKECkk4ur0TAGJalJyM2Q.png
training/images/s-aCROPb7yjyuYog-c13Ww.jpg training/v1.2/labels/s-aCROPb7yjyuYog-c13Ww.png
training/images/Y6HvQ5-YpaodcM2HKHCVAA.jpg training/v1.2/labels/Y6HvQ5-YpaodcM2HKHCVAA.png
training/images/7Ppge7pEiUY00ZrYoC2NGw.jpg training/v1.2/labels/7Ppge7pEiUY00ZrYoC2NGw.png
training/images/jDlJzdzC5pctATn3vKJNdQ.jpg training/v1.2/labels/jDlJzdzC5pctATn3vKJNdQ.png
training/images/wq7eEDBQ5VPpxLKnDGNkzQ.jpg training/v1.2/labels/wq7eEDBQ5VPpxLKnDGNkzQ.png
training/images/tRL0dITWVuX1ORVL3b_m2A.jpg training/v1.2/labels/tRL0dITWVuX1ORVL3b_m2A.png
training/images/MmICqc4vaicNFEJHXmbeKg.jpg training/v1.2/labels/MmICqc4vaicNFEJHXmbeKg.png
training/images/Qz5AV3FbRUi58tzNMHU24g.jpg training/v1.2/labels/Qz5AV3FbRUi58tzNMHU24g.png
training/images/P3PNdGt3h8GOD-ywd-Mfjg.jpg training/v1.2/labels/P3PNdGt3h8GOD-ywd-Mfjg.png
training/images/0uHsL_U_sFalxsGiVpGwoA.jpg training/v1.2/labels/0uHsL_U_sFalxsGiVpGwoA.png
training/images/VdDJTMuywpakHZDfLX2_Gw.jpg training/v1.2/labels/VdDJTMuywpakHZDfLX2_Gw.png
training/images/7RPLmig-L2_vJ2CP8iBYHQ.jpg training/v1.2/labels/7RPLmig-L2_vJ2CP8iBYHQ.png
training/images/EDGQ-Iuq6bpsUnFwmLw23Q.jpg training/v1.2/labels/EDGQ-Iuq6bpsUnFwmLw23Q.png
training/images/zyKpzDexfG0QGzIK5QgISQ.jpg training/v1.2/labels/zyKpzDexfG0QGzIK5QgISQ.png
training/images/CgxPNt0Qu0_7Ym8pZQGzfQ.jpg training/v1.2/labels/CgxPNt0Qu0_7Ym8pZQGzfQ.png
training/images/7UfpwqjWdgIjXnDN6qk-OQ.jpg training/v1.2/labels/7UfpwqjWdgIjXnDN6qk-OQ.png
training/images/phpBOEssdVaXKTApniGbBg.jpg training/v1.2/labels/phpBOEssdVaXKTApniGbBg.png
training/images/IRp6dfVhhR_iv-81ExRCDw.jpg training/v1.2/labels/IRp6dfVhhR_iv-81ExRCDw.png
training/images/v-dl8M52M2LAMj1WrQkp9w.jpg training/v1.2/labels/v-dl8M52M2LAMj1WrQkp9w.png
training/images/D52lpk0j1b64ETLYwUgN0w.jpg training/v1.2/labels/D52lpk0j1b64ETLYwUgN0w.png
training/images/zWYtMsXjDXvTjSz0BIdXgw.jpg training/v1.2/labels/zWYtMsXjDXvTjSz0BIdXgw.png
training/images/cFMmEKWk9UXv2potPh7STQ.jpg training/v1.2/labels/cFMmEKWk9UXv2potPh7STQ.png
training/images/DV85b0e5-9jNT1zGBPH2gA.jpg training/v1.2/labels/DV85b0e5-9jNT1zGBPH2gA.png
training/images/Rtz00-PGIJKQoU-hiud0rQ.jpg training/v1.2/labels/Rtz00-PGIJKQoU-hiud0rQ.png
training/images/cJ265aH6VyG48y2lpd84Eg.jpg training/v1.2/labels/cJ265aH6VyG48y2lpd84Eg.png
training/images/M3nEjEd7JHG2Pxlt4o99dg.jpg training/v1.2/labels/M3nEjEd7JHG2Pxlt4o99dg.png
training/images/i-Uh2GFgz0oHUmHyXILJ6g.jpg training/v1.2/labels/i-Uh2GFgz0oHUmHyXILJ6g.png
training/images/-uy7fxqZa_l1SIaMr-TJCA.jpg training/v1.2/labels/-uy7fxqZa_l1SIaMr-TJCA.png
training/images/3dE5L453XCGGaPVlFjw9Kg.jpg training/v1.2/labels/3dE5L453XCGGaPVlFjw9Kg.png
training/images/XH41Q7aD1Ss8zoSth2CAxQ.jpg training/v1.2/labels/XH41Q7aD1Ss8zoSth2CAxQ.png
training/images/rLd7IedTIV5JQ3ElPppRTg.jpg training/v1.2/labels/rLd7IedTIV5JQ3ElPppRTg.png
training/images/mhC7hJBHvOSy6PwfbU9diw.jpg training/v1.2/labels/mhC7hJBHvOSy6PwfbU9diw.png
training/images/gJ2V0kW667Uaz7jex4d75A.jpg training/v1.2/labels/gJ2V0kW667Uaz7jex4d75A.png
training/images/Rkw6U1OhxhvyHk-hdYfGpg.jpg training/v1.2/labels/Rkw6U1OhxhvyHk-hdYfGpg.png
training/images/E_z0G4QhkOQp1ce_mvxoPQ.jpg training/v1.2/labels/E_z0G4QhkOQp1ce_mvxoPQ.png
training/images/gz1WUmcPM8qDh0hkpl25aA.jpg training/v1.2/labels/gz1WUmcPM8qDh0hkpl25aA.png
training/images/_nM6V5HOEVhQYwJI0SmL4g.jpg training/v1.2/labels/_nM6V5HOEVhQYwJI0SmL4g.png
training/images/3pi_x7iQstaNiev1mDfFdg.jpg training/v1.2/labels/3pi_x7iQstaNiev1mDfFdg.png
training/images/3Ov2ijg0gQW1rgOGXr9NZQ.jpg training/v1.2/labels/3Ov2ijg0gQW1rgOGXr9NZQ.png
training/images/C6fGU_YcbbZ948o1rWvanA.jpg training/v1.2/labels/C6fGU_YcbbZ948o1rWvanA.png
training/images/bvpHEqt8GCSJdMoSAAvtJQ.jpg training/v1.2/labels/bvpHEqt8GCSJdMoSAAvtJQ.png
training/images/SjJxIWgl-5KHaaF-WzAmqg.jpg training/v1.2/labels/SjJxIWgl-5KHaaF-WzAmqg.png
training/images/5I6xq0DJrO292riRxHqMww.jpg training/v1.2/labels/5I6xq0DJrO292riRxHqMww.png
training/images/3uQlNaY-1en9s7y9Ar8rCA.jpg training/v1.2/labels/3uQlNaY-1en9s7y9Ar8rCA.png
training/images/cBbIR94H6hSdL40xa2tNBw.jpg training/v1.2/labels/cBbIR94H6hSdL40xa2tNBw.png
training/images/rDqoTF6yYC0-nBuCwP0yKA.jpg training/v1.2/labels/rDqoTF6yYC0-nBuCwP0yKA.png
training/images/S9ooC0QPCzq5xkZcxLDEvg.jpg training/v1.2/labels/S9ooC0QPCzq5xkZcxLDEvg.png
training/images/WocnMCQpcwL19HMt_IsS4w.jpg training/v1.2/labels/WocnMCQpcwL19HMt_IsS4w.png
training/images/W7gXLZ40EACF-7m0HCcwEw.jpg training/v1.2/labels/W7gXLZ40EACF-7m0HCcwEw.png
training/images/C5pL6mhkK5FpRC0N6IDM5A.jpg training/v1.2/labels/C5pL6mhkK5FpRC0N6IDM5A.png
training/images/Uo0mCJq47Mx6vjbeqbYlNA.jpg training/v1.2/labels/Uo0mCJq47Mx6vjbeqbYlNA.png
training/images/Ai9kbTGQVMi3CJ2SNTLjbA.jpg training/v1.2/labels/Ai9kbTGQVMi3CJ2SNTLjbA.png
training/images/pjWD3heeJDdmxl5H9rVfbw.jpg training/v1.2/labels/pjWD3heeJDdmxl5H9rVfbw.png
training/images/l3brxA7t_RVjQh7mDp9fAQ.jpg training/v1.2/labels/l3brxA7t_RVjQh7mDp9fAQ.png
training/images/GFXWdx8qR_gk3n7Felvt4w.jpg training/v1.2/labels/GFXWdx8qR_gk3n7Felvt4w.png
training/images/pOu3q6sjynjQs1V3d7XKTg.jpg training/v1.2/labels/pOu3q6sjynjQs1V3d7XKTg.png
training/images/NWP54acrr7k2aNYSktsEPg.jpg training/v1.2/labels/NWP54acrr7k2aNYSktsEPg.png
training/images/h9Q1Xw25qiSUJhqN5kvn2A.jpg training/v1.2/labels/h9Q1Xw25qiSUJhqN5kvn2A.png
training/images/OakmjlpdFIpmr-7ausDTqg.jpg training/v1.2/labels/OakmjlpdFIpmr-7ausDTqg.png
training/images/AnQHbK3uKLE74VyFagxnrQ.jpg training/v1.2/labels/AnQHbK3uKLE74VyFagxnrQ.png
training/images/09H7HMDpbjsTx0HPVSq6SA.jpg training/v1.2/labels/09H7HMDpbjsTx0HPVSq6SA.png
training/images/8jsibK7KbNkwy-ZPza5mcw.jpg training/v1.2/labels/8jsibK7KbNkwy-ZPza5mcw.png
training/images/mspA0hAOxhK3BU1eD9H1lQ.jpg training/v1.2/labels/mspA0hAOxhK3BU1eD9H1lQ.png
training/images/m8A9xL395WoXz7-ourK1JQ.jpg training/v1.2/labels/m8A9xL395WoXz7-ourK1JQ.png
training/images/9qgveKckbJUguIAOwBOcLg.jpg training/v1.2/labels/9qgveKckbJUguIAOwBOcLg.png
training/images/xoDewWfyWyn5OImKZOJ0QA.jpg training/v1.2/labels/xoDewWfyWyn5OImKZOJ0QA.png
training/images/sANVDqLm4O0kUUJukTHflA.jpg training/v1.2/labels/sANVDqLm4O0kUUJukTHflA.png
training/images/698ONp0pL3kQoIa0-IA5tg.jpg training/v1.2/labels/698ONp0pL3kQoIa0-IA5tg.png
training/images/2RaBQl9vrWPvZ67FPpwmpw.jpg training/v1.2/labels/2RaBQl9vrWPvZ67FPpwmpw.png
training/images/_rxrCRR3TBSQTi0QI7U3kQ.jpg training/v1.2/labels/_rxrCRR3TBSQTi0QI7U3kQ.png
training/images/yXJtPqFDysE3yQqGMAeyOQ.jpg training/v1.2/labels/yXJtPqFDysE3yQqGMAeyOQ.png
training/images/8IGb_PN1BXX26mBLSh1Cvw.jpg training/v1.2/labels/8IGb_PN1BXX26mBLSh1Cvw.png
training/images/IK4EN2oWATPM7Joo6WIgcg.jpg training/v1.2/labels/IK4EN2oWATPM7Joo6WIgcg.png
training/images/zfFX-Wt_ZvPTXLBn1-ZwCw.jpg training/v1.2/labels/zfFX-Wt_ZvPTXLBn1-ZwCw.png
training/images/RZVEcj9XmllKOH19NZTChg.jpg training/v1.2/labels/RZVEcj9XmllKOH19NZTChg.png
training/images/hyTzOaAnV31fPA4WdDuqrA.jpg training/v1.2/labels/hyTzOaAnV31fPA4WdDuqrA.png
training/images/mbKU-IIC5ZwneMUTtzfzag.jpg training/v1.2/labels/mbKU-IIC5ZwneMUTtzfzag.png
training/images/7SOINT4Tidaksd68SrGTyg.jpg training/v1.2/labels/7SOINT4Tidaksd68SrGTyg.png
training/images/mtVij_fWL-rTlIkjE0mWTQ.jpg training/v1.2/labels/mtVij_fWL-rTlIkjE0mWTQ.png
training/images/R6djZy1QokRlKKXJFp9GLQ.jpg training/v1.2/labels/R6djZy1QokRlKKXJFp9GLQ.png
training/images/2XfnUDVnl8MWf-UPVnAkng.jpg training/v1.2/labels/2XfnUDVnl8MWf-UPVnAkng.png
training/images/xhTwlHJN598ppY8DH6NVoA.jpg training/v1.2/labels/xhTwlHJN598ppY8DH6NVoA.png
training/images/YVaonPpWQF75FWgOvQ6reg.jpg training/v1.2/labels/YVaonPpWQF75FWgOvQ6reg.png
training/images/3qorfjHSLAvcN-dGaweMeg.jpg training/v1.2/labels/3qorfjHSLAvcN-dGaweMeg.png
training/images/ZRJFX8E6ls076pkO1-_mqg.jpg training/v1.2/labels/ZRJFX8E6ls076pkO1-_mqg.png
training/images/dcGqRtiFGN1ptlJjsCHUUA.jpg training/v1.2/labels/dcGqRtiFGN1ptlJjsCHUUA.png
training/images/5ZfBb1cwp2LuXv_ofqMXIQ.jpg training/v1.2/labels/5ZfBb1cwp2LuXv_ofqMXIQ.png
training/images/IklZepINF_xWWHAWW04d7g.jpg training/v1.2/labels/IklZepINF_xWWHAWW04d7g.png
training/images/p4EmZlHfoZPTsHNgIrdA6Q.jpg training/v1.2/labels/p4EmZlHfoZPTsHNgIrdA6Q.png
training/images/QyTsI_0svW8T_YaSz7psvA.jpg training/v1.2/labels/QyTsI_0svW8T_YaSz7psvA.png
training/images/RrCWo-q4ZHw7PJdQX7oT3Q.jpg training/v1.2/labels/RrCWo-q4ZHw7PJdQX7oT3Q.png
training/images/R6aMWhK7t9tGDOMvsEGeoQ.jpg training/v1.2/labels/R6aMWhK7t9tGDOMvsEGeoQ.png
training/images/5b6n5KG863ljKNve3zU4lg.jpg training/v1.2/labels/5b6n5KG863ljKNve3zU4lg.png
training/images/2Q5HKg1VOaCEXQt1Q1M_xA.jpg training/v1.2/labels/2Q5HKg1VOaCEXQt1Q1M_xA.png
training/images/W_vP4jTpydiLlUpmUDttjg.jpg training/v1.2/labels/W_vP4jTpydiLlUpmUDttjg.png
training/images/X6grtoiZ_5szFq8f6L-dTw.jpg training/v1.2/labels/X6grtoiZ_5szFq8f6L-dTw.png
training/images/3Xz_KMaj8JpV_eIZb3AZ7Q.jpg training/v1.2/labels/3Xz_KMaj8JpV_eIZb3AZ7Q.png
training/images/SviQmYKvwqZidr7LbvBLFQ.jpg training/v1.2/labels/SviQmYKvwqZidr7LbvBLFQ.png
training/images/2ReF5M2akq7Ff9ptN1Z-4g.jpg training/v1.2/labels/2ReF5M2akq7Ff9ptN1Z-4g.png
training/images/eJg6idPOZhsK7Z9css7geA.jpg training/v1.2/labels/eJg6idPOZhsK7Z9css7geA.png
training/images/ef5b5_mtxzA0CEm_WjrMsg.jpg training/v1.2/labels/ef5b5_mtxzA0CEm_WjrMsg.png
training/images/9F5S40p6xkvanfJQo1Rhww.jpg training/v1.2/labels/9F5S40p6xkvanfJQo1Rhww.png
training/images/T20_mXInpcIg2ymlFOzayQ.jpg training/v1.2/labels/T20_mXInpcIg2ymlFOzayQ.png
training/images/vig8B75VCudw3LP_BXMHEw.jpg training/v1.2/labels/vig8B75VCudw3LP_BXMHEw.png
training/images/qH7mjIYQqG53IS39XPPRIw.jpg training/v1.2/labels/qH7mjIYQqG53IS39XPPRIw.png
training/images/0Bt3m_mPk8_jhCdeWzEGLw.jpg training/v1.2/labels/0Bt3m_mPk8_jhCdeWzEGLw.png
training/images/KA8V0JJlkHL9LGgMB_mb2g.jpg training/v1.2/labels/KA8V0JJlkHL9LGgMB_mb2g.png
training/images/N2ouPLA7xoRuLtP8ackybQ.jpg training/v1.2/labels/N2ouPLA7xoRuLtP8ackybQ.png
training/images/vCmOBigSdHvqSgAZQU6UbQ.jpg training/v1.2/labels/vCmOBigSdHvqSgAZQU6UbQ.png
training/images/aW2gLt8zrvcu0Q5-LzlckQ.jpg training/v1.2/labels/aW2gLt8zrvcu0Q5-LzlckQ.png
training/images/gtG9StwH9-DuBNY4nWaj1A.jpg training/v1.2/labels/gtG9StwH9-DuBNY4nWaj1A.png
training/images/6HNq0SGhF03prETn60zrhA.jpg training/v1.2/labels/6HNq0SGhF03prETn60zrhA.png
training/images/meAE4pXL8UD22PbhXheA5A.jpg training/v1.2/labels/meAE4pXL8UD22PbhXheA5A.png
training/images/PWSPSSQJo-reNc6fdHgXcw.jpg training/v1.2/labels/PWSPSSQJo-reNc6fdHgXcw.png
training/images/156W3rwnsiN47YM6xLlY3A.jpg training/v1.2/labels/156W3rwnsiN47YM6xLlY3A.png
training/images/Afkb1RNJGR4YDgMGHM1j8w.jpg training/v1.2/labels/Afkb1RNJGR4YDgMGHM1j8w.png
training/images/K4838Ze0_ce51vn_blh-Zw.jpg training/v1.2/labels/K4838Ze0_ce51vn_blh-Zw.png
