training/images/EMVi9-OjkBwt6BTvg29k0g.jpg training/v1.2/labels/EMVi9-OjkBwt6BTvg29k0g.png
training/images/9HCKEpoJTnUyvLhYZJZ7Ng.jpg training/v1.2/labels/9HCKEpoJTnUyvLhYZJZ7Ng.png
training/images/-iZRdojTthvZtH8D1id45Q.jpg training/v1.2/labels/-iZRdojTthvZtH8D1id45Q.png
training/images/X16ARY-WQbxNFBiWjZfwPQ.jpg training/v1.2/labels/X16ARY-WQbxNFBiWjZfwPQ.png
training/images/l2VeqgdU7UzHehzskNfFDA.jpg training/v1.2/labels/l2VeqgdU7UzHehzskNfFDA.png
training/images/h_JKLPEYlHi0CCF7ovUZMg.jpg training/v1.2/labels/h_JKLPEYlHi0CCF7ovUZMg.png
training/images/zANdnvH7MkzsX4U3yyn0xw.jpg training/v1.2/labels/zANdnvH7MkzsX4U3yyn0xw.png
training/images/wkhwDdj750mrnQJWhbozNQ.jpg training/v1.2/labels/wkhwDdj750mrnQJWhbozNQ.png
training/images/mTwwnA-8OVi7x3bIII88bg.jpg training/v1.2/labels/mTwwnA-8OVi7x3bIII88bg.png
training/images/FX3BuTSDTLYU2iSD4UOCIQ.jpg training/v1.2/labels/FX3BuTSDTLYU2iSD4UOCIQ.png
training/images/vfVF3I45O1BrIpn8ldtajQ.jpg training/v1.2/labels/vfVF3I45O1BrIpn8ldtajQ.png
training/images/GH6N12hepCPbA_cWArjgfg.jpg training/v1.2/labels/GH6N12hepCPbA_cWArjgfg.png
training/images/wokq_juIv6mMIEHxt9-2IQ.jpg training/v1.2/labels/wokq_juIv6mMIEHxt9-2IQ.png
training/images/6arUEaL7xkq_yfDz6xyy8Q.jpg training/v1.2/labels/6arUEaL7xkq_yfDz6xyy8Q.png
training/images/QucQAIVoZfQoAufdqRkDFg.jpg training/v1.2/labels/QucQAIVoZfQoAufdqRkDFg.png
training/images/1Rk93R1_mnEeFQgPCe4RXw.jpg training/v1.2/labels/1Rk93R1_mnEeFQgPCe4RXw.png
training/images/Bsj7HjPg-s4qoanAaAH0XQ.jpg training/v1.2/labels/Bsj7HjPg-s4qoanAaAH0XQ.png
training/images/pWzEijtPPbnaOAguvaXRyw.jpg training/v1.2/labels/pWzEijtPPbnaOAguvaXRyw.png
training/images/Bwe285OUzTKB01KUh9wiZA.jpg training/v1.2/labels/Bwe285OUzTKB01KUh9wiZA.png
training/images/YOJkcvv9aRQ6TqrB-YoyMQ.jpg training/v1.2/labels/YOJkcvv9aRQ6TqrB-YoyMQ.png
training/images/xdoZP_tTJq6dLBf22knsaw.jpg training/v1.2/labels/xdoZP_tTJq6dLBf22knsaw.png
training/images/nz8siaKddBJQRjyjBDM-Tg.jpg training/v1.2/labels/nz8siaKddBJQRjyjBDM-Tg.png
training/images/wp9KZBIm4OEB3q-Y1G0eEw.jpg training/v1.2/labels/wp9KZBIm4OEB3q-Y1G0eEw.png
training/images/xxEQKD8N8Ujb6WIb8dOI4w.jpg training/v1.2/labels/xxEQKD8N8Ujb6WIb8dOI4w.png
training/images/2oKbkw5mOHN3K2WEiggzDQ.jpg training/v1.2/labels/2oKbkw5mOHN3K2WEiggzDQ.png
training/images/PZNwMPR9nVqWza6JRy5z7w.jpg training/v1.2/labels/PZNwMPR9nVqWza6JRy5z7w.png
training/images/TpQtFiJw5VTi03hcklEwzg.jpg training/v1.2/labels/TpQtFiJw5VTi03hcklEwzg.png
training/images/5Zcf3vUcs_o59pPN3CkjbA.jpg training/v1.2/labels/5Zcf3vUcs_o59pPN3CkjbA.png
training/images/kto5W_J1TmaV6b37kuJmDw.jpg training/v1.2/labels/kto5W_J1TmaV6b37kuJmDw.png
training/images/vOJEUBCx1jYM1-I5_mxZxg.jpg training/v1.2/labels/vOJEUBCx1jYM1-I5_mxZxg.png
training/images/t2LIVaixXYiAb5MXFa5p0Q.jpg training/v1.2/labels/t2LIVaixXYiAb5MXFa5p0Q.png
training/images/OJr6ptovKfrgWcjXfm_FMQ.jpg training/v1.2/labels/OJr6ptovKfrgWcjXfm_FMQ.png
training/images/-9Rwv8nwRvau53Ravsn3-A.jpg training/v1.2/labels/-9Rwv8nwRvau53Ravsn3-A.png
training/images/1GWtGdCmm8PdVkWwpGfgfg.jpg training/v1.2/labels/1GWtGdCmm8PdVkWwpGfgfg.png
training/images/yfPwaOQwv58ySU4lhLMXFA.jpg training/v1.2/labels/yfPwaOQwv58ySU4lhLMXFA.png
training/images/UD1mLPW8i6k11C4t0jq2Hg.jpg training/v1.2/labels/UD1mLPW8i6k11C4t0jq2Hg.png
training/images/gKURZEogcC_UTI--qK4vhA.jpg training/v1.2/labels/gKURZEogcC_UTI--qK4vhA.png
training/images/tNBxGnr_8OnXunFfM9OgeQ.jpg training/v1.2/labels/tNBxGnr_8OnXunFfM9OgeQ.png
training/images/k8hLwmtL11FfHwsI0xarXw.jpg training/v1.2/labels/k8hLwmtL11FfHwsI0xarXw.png
training/images/t1-u4JSyOEbqXtUDhRTafw.jpg training/v1.2/labels/t1-u4JSyOEbqXtUDhRTafw.png
training/images/EgmnkXUf1dg-3iyLaO511A.jpg training/v1.2/labels/EgmnkXUf1dg-3iyLaO511A.png
training/images/7i2ZIIr5iLuT9PPtq-6k9g.jpg training/v1.2/labels/7i2ZIIr5iLuT9PPtq-6k9g.png
training/images/nuU0W4KnfdQBPKGy0Wmepg.jpg training/v1.2/labels/nuU0W4KnfdQBPKGy0Wmepg.png
training/images/yq3FSjv6KvHeTccjhYuhUA.jpg training/v1.2/labels/yq3FSjv6KvHeTccjhYuhUA.png
training/images/ola7io7bM71c8Cqu4IBYjQ.jpg training/v1.2/labels/ola7io7bM71c8Cqu4IBYjQ.png
training/images/onLlIBCXj-eeHSFR-QNmVg.jpg training/v1.2/labels/onLlIBCXj-eeHSFR-QNmVg.png
training/images/sd2PvNOH3e_C27QQ1EB3Xw.jpg training/v1.2/labels/sd2PvNOH3e_C27QQ1EB3Xw.png
training/images/p9dYVMQuBXLas4_2H0gZFg.jpg training/v1.2/labels/p9dYVMQuBXLas4_2H0gZFg.png
training/images/AW0F5Ti1OSreqAyPeFJuFw.jpg training/v1.2/labels/AW0F5Ti1OSreqAyPeFJuFw.png
training/images/3j1KVXoC4MyHrjms3B-PfQ.jpg training/v1.2/labels/3j1KVXoC4MyHrjms3B-PfQ.png
training/images/kWv_7Fg1v4adT5g4hOwX_Q.jpg training/v1.2/labels/kWv_7Fg1v4adT5g4hOwX_Q.png
training/images/TrewTa7wUttj34bGpDwwQQ.jpg training/v1.2/labels/TrewTa7wUttj34bGpDwwQQ.png
training/images/IqQSscitf26tyTsT0GeJ0g.jpg training/v1.2/labels/IqQSscitf26tyTsT0GeJ0g.png
training/images/P8jpjLIhOrSO0ojfyLS3kg.jpg training/v1.2/labels/P8jpjLIhOrSO0ojfyLS3kg.png
training/images/osm-oJv_4ujFBsYBPhDzYA.jpg training/v1.2/labels/osm-oJv_4ujFBsYBPhDzYA.png
training/images/GOwo8J4mlKZy5w_s0Nfmxg.jpg training/v1.2/labels/GOwo8J4mlKZy5w_s0Nfmxg.png
training/images/v2WpUC8WQL2wYBXM_356Gg.jpg training/v1.2/labels/v2WpUC8WQL2wYBXM_356Gg.png
training/images/UP1OFRxydq1jMl_AF098pQ.jpg training/v1.2/labels/UP1OFRxydq1jMl_AF098pQ.png
training/images/HMjSJraT54SCO1VjCjbN7g.jpg training/v1.2/labels/HMjSJraT54SCO1VjCjbN7g.png
training/images/RP2NkSxAr89Ds8z5YuAnPA.jpg training/v1.2/labels/RP2NkSxAr89Ds8z5YuAnPA.png
training/images/7JqGalD2liCVwwOWqteNzw.jpg training/v1.2/labels/7JqGalD2liCVwwOWqteNzw.png
training/images/fcpRXDcLXahiKn-INz59cQ.jpg training/v1.2/labels/fcpRXDcLXahiKn-INz59cQ.png
training/images/MWz04y6Db1ytlQZ8pl0nWg.jpg training/v1.2/labels/MWz04y6Db1ytlQZ8pl0nWg.png
training/images/FZWJYn8XGjtStEa8giXRzg.jpg training/v1.2/labels/FZWJYn8XGjtStEa8giXRzg.png
training/images/uQWmcAePc_p5mJDn3sGLsA.jpg training/v1.2/labels/uQWmcAePc_p5mJDn3sGLsA.png
training/images/0afBU-MEV1AC9LDuqt3wBw.jpg training/v1.2/labels/0afBU-MEV1AC9LDuqt3wBw.png
training/images/tx_kZCedybyXWHaXHuplrw.jpg training/v1.2/labels/tx_kZCedybyXWHaXHuplrw.png
training/images/eGFGPtawjobDVgzIgNdXVQ.jpg training/v1.2/labels/eGFGPtawjobDVgzIgNdXVQ.png
training/images/d3UXv3ITDApmwvQSLPtxOw.jpg training/v1.2/labels/d3UXv3ITDApmwvQSLPtxOw.png
training/images/SxwMxbSbzFQYJ4Gej383-g.jpg training/v1.2/labels/SxwMxbSbzFQYJ4Gej383-g.png
training/images/8iQV-R1grv1laQD656Gngw.jpg training/v1.2/labels/8iQV-R1grv1laQD656Gngw.png
training/images/3YwsM8izaRSXfCj2A7YhBg.jpg training/v1.2/labels/3YwsM8izaRSXfCj2A7YhBg.png
training/images/YodVKDzwNwaYKFEx4UOftA.jpg training/v1.2/labels/YodVKDzwNwaYKFEx4UOftA.png
training/images/ROlse0KujGihtG5vzSCCTw.jpg training/v1.2/labels/ROlse0KujGihtG5vzSCCTw.png
training/images/Xkhlb9FjthFrBeMwDHxBeA.jpg training/v1.2/labels/Xkhlb9FjthFrBeMwDHxBeA.png
training/images/oMJ02NFC8p0DRG2wSXCSHQ.jpg training/v1.2/labels/oMJ02NFC8p0DRG2wSXCSHQ.png
training/images/7izM-KCKr_1PvQuRZzO4Xw.jpg training/v1.2/labels/7izM-KCKr_1PvQuRZzO4Xw.png
training/images/x_Fvm0yF02kFo5P3iIghnA.jpg training/v1.2/labels/x_Fvm0yF02kFo5P3iIghnA.png
training/images/tD95ABJTAaen8y6Vf4kW8w.jpg training/v1.2/labels/tD95ABJTAaen8y6Vf4kW8w.png
training/images/V1-fgHPPMNuzN1HRexfZZg.jpg training/v1.2/labels/V1-fgHPPMNuzN1HRexfZZg.png
training/images/BD4St4ST2VKzEuWEQiNEJA.jpg training/v1.2/labels/BD4St4ST2VKzEuWEQiNEJA.png
training/images/04m4f91ob7I0XpE36ZDFLw.jpg training/v1.2/labels/04m4f91ob7I0XpE36ZDFLw.png
training/images/jIVGBSFUF8KdQKCKTpy6NA.jpg training/v1.2/labels/jIVGBSFUF8KdQKCKTpy6NA.png
training/images/tAn17jIt6Wy4pkMcyvJGEg.jpg training/v1.2/labels/tAn17jIt6Wy4pkMcyvJGEg.png
training/images/nIMUeuXNhuurEgoi--2bKw.jpg training/v1.2/labels/nIMUeuXNhuurEgoi--2bKw.png
training/images/eLLJULD0sAGD9B6C-w2a7w.jpg training/v1.2/labels/eLLJULD0sAGD9B6C-w2a7w.png
training/images/2QoFlbxaInpTaL9t0O8CXA.jpg training/v1.2/labels/2QoFlbxaInpTaL9t0O8CXA.png
training/images/mF2SuW5mxoDt3-xYoodJNg.jpg training/v1.2/labels/mF2SuW5mxoDt3-xYoodJNg.png
training/images/AvsbUqF_XKYSeLxTWcEoSg.jpg training/v1.2/labels/AvsbUqF_XKYSeLxTWcEoSg.png
training/images/6b-zt1gg3ipO-m0e8lJlYQ.jpg training/v1.2/labels/6b-zt1gg3ipO-m0e8lJlYQ.png
training/images/auP1yMvADOQP57hXelv8Bw.jpg training/v1.2/labels/auP1yMvADOQP57hXelv8Bw.png
training/images/J3SKKSQ2xt671w2NTP0rMA.jpg training/v1.2/labels/J3SKKSQ2xt671w2NTP0rMA.png
training/images/camoHp_U2GRE7I_Beba9yg.jpg training/v1.2/labels/camoHp_U2GRE7I_Beba9yg.png
training/images/7ra3mJiS43cB6baY6Qf6YQ.jpg training/v1.2/labels/7ra3mJiS43cB6baY6Qf6YQ.png
training/images/gNuJFRDVmDNTmfKrK-55AA.jpg training/v1.2/labels/gNuJFRDVmDNTmfKrK-55AA.png
training/images/oi04O6LA3C-Jf-DX7ug6iw.jpg training/v1.2/labels/oi04O6LA3C-Jf-DX7ug6iw.png
training/images/VigjHe1R2Chav78CS5OFng.jpg training/v1.2/labels/VigjHe1R2Chav78CS5OFng.png
training/images/dcMvp99SfUhHAaiFXNVEnQ.jpg training/v1.2/labels/dcMvp99SfUhHAaiFXNVEnQ.png
training/images/9xLFWMI4N-v3RkIQzSAuTg.jpg training/v1.2/labels/9xLFWMI4N-v3RkIQzSAuTg.png
training/images/E5wleMcdunYENNIsFwrR9A.jpg training/v1.2/labels/E5wleMcdunYENNIsFwrR9A.png
training/images/0pYwuKfHQF1I5NJun09UoA.jpg training/v1.2/labels/0pYwuKfHQF1I5NJun09UoA.png
training/images/66z2DX6Z2pWU5n-P8rfD3Q.jpg training/v1.2/labels/66z2DX6Z2pWU5n-P8rfD3Q.png
training/images/0I9TFN42AwpPXZ8TvUyUoA.jpg training/v1.2/labels/0I9TFN42AwpPXZ8TvUyUoA.png
training/images/d4ft70oJx8rSOIvwp5te3g.jpg training/v1.2/labels/d4ft70oJx8rSOIvwp5te3g.png
training/images/Ns8Ir7mbsQCpk_3qp9IEqw.jpg training/v1.2/labels/Ns8Ir7mbsQCpk_3qp9IEqw.png
training/images/BbVKHo3OwGoaM6KS334XCQ.jpg training/v1.2/labels/BbVKHo3OwGoaM6KS334XCQ.png
training/images/PTWUmSMyW7LxEVmW-quJbA.jpg training/v1.2/labels/PTWUmSMyW7LxEVmW-quJbA.png
training/images/RTRIvX3zC944f70CrV5PUQ.jpg training/v1.2/labels/RTRIvX3zC944f70CrV5PUQ.png
training/images/vsVvTii9e92Twgj4ssvx3Q.jpg training/v1.2/labels/vsVvTii9e92Twgj4ssvx3Q.png
training/images/xP6IZC3ncCu-2uLwlMHgeg.jpg training/v1.2/labels/xP6IZC3ncCu-2uLwlMHgeg.png
training/images/_Ba86akFyq30eg3aJI8lng.jpg training/v1.2/labels/_Ba86akFyq30eg3aJI8lng.png
training/images/h-QX0W6qE0pw4c8JKEECpA.jpg training/v1.2/labels/h-QX0W6qE0pw4c8JKEECpA.png
training/images/d4515zCpAKE3D_ni-jHLCA.jpg training/v1.2/labels/d4515zCpAKE3D_ni-jHLCA.png
training/images/SpjCD-FSwJQjUy3StQeZmg.jpg training/v1.2/labels/SpjCD-FSwJQjUy3StQeZmg.png
training/images/gq19jvsW37unH6YUGnAe2Q.jpg training/v1.2/labels/gq19jvsW37unH6YUGnAe2Q.png
training/images/Y7XUYhTrun7qoGVkgDOnew.jpg training/v1.2/labels/Y7XUYhTrun7qoGVkgDOnew.png
training/images/nE_kshT3Wh8ip8pw_K9jwg.jpg training/v1.2/labels/nE_kshT3Wh8ip8pw_K9jwg.png
training/images/JDkJMqhyR2Sr3OBLUbnCVA.jpg training/v1.2/labels/JDkJMqhyR2Sr3OBLUbnCVA.png
training/images/Pr2waIvCkSw1Cd8CAxkh7w.jpg training/v1.2/labels/Pr2waIvCkSw1Cd8CAxkh7w.png
training/images/ajyvAPGqZoetEuEujFsjFg.jpg training/v1.2/labels/ajyvAPGqZoetEuEujFsjFg.png
training/images/jxhzG7Z6TtX7HNZmXNkNeA.jpg training/v1.2/labels/jxhzG7Z6TtX7HNZmXNkNeA.png
training/images/BDEWXly360gQOZ_Bslh3TA.jpg training/v1.2/labels/BDEWXly360gQOZ_Bslh3TA.png
training/images/sBunEj3EReZ-F77Hk9LJ1w.jpg training/v1.2/labels/sBunEj3EReZ-F77Hk9LJ1w.png
training/images/22UfuNvUV5FAbwpm2whCsg.jpg training/v1.2/labels/22UfuNvUV5FAbwpm2whCsg.png
training/images/3YyiXZ6N8Hx7CdWhNYdr9w.jpg training/v1.2/labels/3YyiXZ6N8Hx7CdWhNYdr9w.png
training/images/oJd1-_AlrLiEnWojmkGnXw.jpg training/v1.2/labels/oJd1-_AlrLiEnWojmkGnXw.png
training/images/iWH47RtcTB7U_9_rZPQRLA.jpg training/v1.2/labels/iWH47RtcTB7U_9_rZPQRLA.png
training/images/Nc4oUY6z279HvtHX03EuQw.jpg training/v1.2/labels/Nc4oUY6z279HvtHX03EuQw.png
training/images/Uhi8gwB2OkRi13kvgQ1Xeg.jpg training/v1.2/labels/Uhi8gwB2OkRi13kvgQ1Xeg.png
training/images/VUSBM9xLbuDyUuVSna469w.jpg training/v1.2/labels/VUSBM9xLbuDyUuVSna469w.png
training/images/Ln9gWhkW_sVmxIRy3QTD8Q.jpg training/v1.2/labels/Ln9gWhkW_sVmxIRy3QTD8Q.png
training/images/j7__n4nGaeRrsRhqpqU71Q.jpg training/v1.2/labels/j7__n4nGaeRrsRhqpqU71Q.png
training/images/8qnQfG0Re95KJejzK49OkQ.jpg training/v1.2/labels/8qnQfG0Re95KJejzK49OkQ.png
training/images/cY742b-JCYwyovXx-5DEWA.jpg training/v1.2/labels/cY742b-JCYwyovXx-5DEWA.png
training/images/f7-J3RlgPlU3SiCncVQdEQ.jpg training/v1.2/labels/f7-J3RlgPlU3SiCncVQdEQ.png
training/images/TUSJdP-qFSu5L6xMSg6ddA.jpg training/v1.2/labels/TUSJdP-qFSu5L6xMSg6ddA.png
training/images/DcvTO_Xz42ghh95t_-i-Ow.jpg training/v1.2/labels/DcvTO_Xz42ghh95t_-i-Ow.png
training/images/-2H8gOJp_LEvus2Y6pCIOA.jpg training/v1.2/labels/-2H8gOJp_LEvus2Y6pCIOA.png
training/images/_0R1piHytmNxzCyp5YjF8g.jpg training/v1.2/labels/_0R1piHytmNxzCyp5YjF8g.png
training/images/cq0ZUulxe-smIzyilznFXQ.jpg training/v1.2/labels/cq0ZUulxe-smIzyilznFXQ.png
training/images/wuitxXlETPcsDfZdgOcsZA.jpg training/v1.2/labels/wuitxXlETPcsDfZdgOcsZA.png
training/images/STs-DKe3qCvjmz2fVpvsRQ.jpg training/v1.2/labels/STs-DKe3qCvjmz2fVpvsRQ.png
training/images/jfBhDO_qfvaUrnZHRlQOYA.jpg training/v1.2/labels/jfBhDO_qfvaUrnZHRlQOYA.png
training/images/GWyr-zc0q6lqQZGHnoWxLQ.jpg training/v1.2/labels/GWyr-zc0q6lqQZGHnoWxLQ.png
training/images/bEhMFTyG4bhksVYM5cBNag.jpg training/v1.2/labels/bEhMFTyG4bhksVYM5cBNag.png
training/images/UKLn8AAnB5M7po69oHD4rQ.jpg training/v1.2/labels/UKLn8AAnB5M7po69oHD4rQ.png
training/images/g5165UFxH3Q_ujox_wUfLA.jpg training/v1.2/labels/g5165UFxH3Q_ujox_wUfLA.png
training/images/qNpOJMYAvl9oozXX6ey2RA.jpg training/v1.2/labels/qNpOJMYAvl9oozXX6ey2RA.png
training/images/zpOQfvo3deAc_qQK7yssjw.jpg training/v1.2/labels/zpOQfvo3deAc_qQK7yssjw.png
training/images/_BZp9fQ0PY2v7LGEesKWwg.jpg training/v1.2/labels/_BZp9fQ0PY2v7LGEesKWwg.png
training/images/Wqq5_KatcPCDexBkG57RcQ.jpg training/v1.2/labels/Wqq5_KatcPCDexBkG57RcQ.png
training/images/TM10CKhdTkpj5QFs4oagrQ.jpg training/v1.2/labels/TM10CKhdTkpj5QFs4oagrQ.png
training/images/22nwITWPX0Nqocv2QA3fVQ.jpg training/v1.2/labels/22nwITWPX0Nqocv2QA3fVQ.png
training/images/7SPMOtVBWPy0SEJu7Jq5gA.jpg training/v1.2/labels/7SPMOtVBWPy0SEJu7Jq5gA.png
training/images/Syow31aB02cJdLnpPPFz0w.jpg training/v1.2/labels/Syow31aB02cJdLnpPPFz0w.png
training/images/76Nf0Dmc8R-LPm8tc9kZzA.jpg training/v1.2/labels/76Nf0Dmc8R-LPm8tc9kZzA.png
training/images/B8pFvAY88k8OGyZ9B7csEA.jpg training/v1.2/labels/B8pFvAY88k8OGyZ9B7csEA.png
training/images/ju7gS1-iTQ_PcgMykYJNlQ.jpg training/v1.2/labels/ju7gS1-iTQ_PcgMykYJNlQ.png
training/images/FHLuS-PmY02wMOAViQxQwA.jpg training/v1.2/labels/FHLuS-PmY02wMOAViQxQwA.png
training/images/kgqicpaqa5aXdDahaOLcpQ.jpg training/v1.2/labels/kgqicpaqa5aXdDahaOLcpQ.png
training/images/LkB2H835POYtRvMfnZcW7w.jpg training/v1.2/labels/LkB2H835POYtRvMfnZcW7w.png
training/images/gWSHdULrDU5XGNu5rplZOA.jpg training/v1.2/labels/gWSHdULrDU5XGNu5rplZOA.png
training/images/8Me3XEOQ8Y7dp1mI7RhxGw.jpg training/v1.2/labels/8Me3XEOQ8Y7dp1mI7RhxGw.png
training/images/0KrHv3TUtS-L10NF5jPl7w.jpg training/v1.2/labels/0KrHv3TUtS-L10NF5jPl7w.png
training/images/014cEvKoAuTJgL6yJvmZow.jpg training/v1.2/labels/014cEvKoAuTJgL6yJvmZow.png
training/images/wJXsacNtoVf12yiLwvCZ4Q.jpg training/v1.2/labels/wJXsacNtoVf12yiLwvCZ4Q.png
training/images/DT3Q93BC8mZl5stn9RSO8w.jpg training/v1.2/labels/DT3Q93BC8mZl5stn9RSO8w.png
training/images/4iWA8IKPvs-ekZlIbZKNuQ.jpg training/v1.2/labels/4iWA8IKPvs-ekZlIbZKNuQ.png
training/images/NJ_4kBBdK1d1oTuWKkiGBQ.jpg training/v1.2/labels/NJ_4kBBdK1d1oTuWKkiGBQ.png
training/images/U-2pTbs_mT-Kxos5AMg5DA.jpg training/v1.2/labels/U-2pTbs_mT-Kxos5AMg5DA.png
training/images/7T8oMowBrxtLZm9iYzFpJw.jpg training/v1.2/labels/7T8oMowBrxtLZm9iYzFpJw.png
training/images/Up-8wmTvTJrd0hg-IZ3tTw.jpg training/v1.2/labels/Up-8wmTvTJrd0hg-IZ3tTw.png
training/images/TQnDx4xmL--VmFzvWbh93Q.jpg training/v1.2/labels/TQnDx4xmL--VmFzvWbh93Q.png
training/images/jM31zj67ADEHRrD1uvHAgw.jpg training/v1.2/labels/jM31zj67ADEHRrD1uvHAgw.png
training/images/1obz149JqftmCTeTTRfBcA.jpg training/v1.2/labels/1obz149JqftmCTeTTRfBcA.png
training/images/whu9soLHtH8g1yCzV4FPZw.jpg training/v1.2/labels/whu9soLHtH8g1yCzV4FPZw.png
training/images/q1jXw7EC-QDBWntrlxuJ9g.jpg training/v1.2/labels/q1jXw7EC-QDBWntrlxuJ9g.png
training/images/fS2NjonoWotbpOJhU4dxUA.jpg training/v1.2/labels/fS2NjonoWotbpOJhU4dxUA.png
training/images/ZyLMHl2pTQs_4Lt3Nj1K4A.jpg training/v1.2/labels/ZyLMHl2pTQs_4Lt3Nj1K4A.png
training/images/DJNQ7My9HIe-1uoRQuJDEQ.jpg training/v1.2/labels/DJNQ7My9HIe-1uoRQuJDEQ.png
training/images/henK505-raTFFpB4BFxemg.jpg training/v1.2/labels/henK505-raTFFpB4BFxemg.png
training/images/ZVNQa-fLdCKJGByZGRSU_Q.jpg training/v1.2/labels/ZVNQa-fLdCKJGByZGRSU_Q.png
training/images/MiLo5SxnUMeLs3COYQ09FA.jpg training/v1.2/labels/MiLo5SxnUMeLs3COYQ09FA.png
training/images/c6M1XO6RHVmqQBqWEH0qyA.jpg training/v1.2/labels/c6M1XO6RHVmqQBqWEH0qyA.png
training/images/7IDaWTITgKctCrkI5_jxXA.jpg training/v1.2/labels/7IDaWTITgKctCrkI5_jxXA.png
training/images/bqe8_X7gFfUozvnlfp11MA.jpg training/v1.2/labels/bqe8_X7gFfUozvnlfp11MA.png
training/images/gHC9qa89hQQxyl0AaNpxKw.jpg training/v1.2/labels/gHC9qa89hQQxyl0AaNpxKw.png
training/images/49uPurIZ8xh38YxUgnmEWQ.jpg training/v1.2/labels/49uPurIZ8xh38YxUgnmEWQ.png
training/images/ltAKRO284vP0mzJfHyjx5w.jpg training/v1.2/labels/ltAKRO284vP0mzJfHyjx5w.png
training/images/agUbyraNojbGnnXQdV6Bug.jpg training/v1.2/labels/agUbyraNojbGnnXQdV6Bug.png
training/images/OLDZXDA6G02Qi4lfaX2OJw.jpg training/v1.2/labels/OLDZXDA6G02Qi4lfaX2OJw.png
training/images/k4yCmJemPZQK7Txc6hDxOQ.jpg training/v1.2/labels/k4yCmJemPZQK7Txc6hDxOQ.png
training/images/wI_dS2zQJQVW7yBSR57Y7w.jpg training/v1.2/labels/wI_dS2zQJQVW7yBSR57Y7w.png
training/images/fzp1qxOQoV1sAobt8kF69A.jpg training/v1.2/labels/fzp1qxOQoV1sAobt8kF69A.png
training/images/a2UIBPlbQN-pvRD99l2Nrg.jpg training/v1.2/labels/a2UIBPlbQN-pvRD99l2Nrg.png
training/images/5uqBphOJa5PGnzwVuGnBIw.jpg training/v1.2/labels/5uqBphOJa5PGnzwVuGnBIw.png
training/images/y7MaX6ryFVJrFAd8ocxzyQ.jpg training/v1.2/labels/y7MaX6ryFVJrFAd8ocxzyQ.png
training/images/W2Bfo3msRLaelYyC04n-7A.jpg training/v1.2/labels/W2Bfo3msRLaelYyC04n-7A.png
training/images/pCphrEGfWuMLm6EA3Dcd_w.jpg training/v1.2/labels/pCphrEGfWuMLm6EA3Dcd_w.png
training/images/41MeNiLklCoamMQtjYX1-g.jpg training/v1.2/labels/41MeNiLklCoamMQtjYX1-g.png
