validation/images/qRLYh0-Yg5war-BXrcjvjQ.jpg validation/v2.0/labels/qRLYh0-Yg5war-BXrcjvjQ.png
validation/images/Zuw1UneI7eVG278tQjNtOA.jpg validation/v2.0/labels/Zuw1UneI7eVG278tQjNtOA.png
validation/images/wSzH0fOy9aLXgs8g5LunJg.jpg validation/v2.0/labels/wSzH0fOy9aLXgs8g5LunJg.png
validation/images/sRw76Bg6URvqo_5BLEfWfw.jpg validation/v2.0/labels/sRw76Bg6URvqo_5BLEfWfw.png
validation/images/NjgUXRpPPXBclta6dyTnEQ.jpg validation/v2.0/labels/NjgUXRpPPXBclta6dyTnEQ.png
validation/images/QKgfRuLX90vBUve0tjIkfg.jpg validation/v2.0/labels/QKgfRuLX90vBUve0tjIkfg.png
validation/images/wUANCseLaK6MQ6JiQ-LH_g.jpg validation/v2.0/labels/wUANCseLaK6MQ6JiQ-LH_g.png
validation/images/TcVl0UUi5lGGn4H7h2RC5g.jpg validation/v2.0/labels/TcVl0UUi5lGGn4H7h2RC5g.png
validation/images/co0DZw6kSQuj0Ou7Mi-Y_A.jpg validation/v2.0/labels/co0DZw6kSQuj0Ou7Mi-Y_A.png
validation/images/IMz8rs3LT-U9IFAKUSmLog.jpg validation/v2.0/labels/IMz8rs3LT-U9IFAKUSmLog.png
validation/images/0kMplsNDh3pMAKXPB1AOng.jpg validation/v2.0/labels/0kMplsNDh3pMAKXPB1AOng.png
validation/images/nfKgtN_5_SCosS1OPLTJiA.jpg validation/v2.0/labels/nfKgtN_5_SCosS1OPLTJiA.png
validation/images/xTy7q_hU6_14KyxbDrJj1w.jpg validation/v2.0/labels/xTy7q_hU6_14KyxbDrJj1w.png
validation/images/EZJTbIpLNOfHnw3DvA1NEA.jpg validation/v2.0/labels/EZJTbIpLNOfHnw3DvA1NEA.png
validation/images/9Gad_3CzbPOlUtgdAa0okQ.jpg validation/v2.0/labels/9Gad_3CzbPOlUtgdAa0okQ.png
validation/images/-cHw9ug6U5pE2c9H1dHUOg.jpg validation/v2.0/labels/-cHw9ug6U5pE2c9H1dHUOg.png
validation/images/vISsjcClmgIV8ZgQZrxZtg.jpg validation/v2.0/labels/vISsjcClmgIV8ZgQZrxZtg.png
validation/images/eA05VPo9Z6ZKbJwouOoWMw.jpg validation/v2.0/labels/eA05VPo9Z6ZKbJwouOoWMw.png
validation/images/q2Fi9lgPl0cLG2Ufq9le9Q.jpg validation/v2.0/labels/q2Fi9lgPl0cLG2Ufq9le9Q.png
validation/images/FJEE6dXsBR_Sz8NYmEQ2Rg.jpg validation/v2.0/labels/FJEE6dXsBR_Sz8NYmEQ2Rg.png
validation/images/C4quW-KqGLwGsQZ1b7wbrw.jpg validation/v2.0/labels/C4quW-KqGLwGsQZ1b7wbrw.png
validation/images/WWpWPioeROpPS4NW9MRt4g.jpg validation/v2.0/labels/WWpWPioeROpPS4NW9MRt4g.png
validation/images/C8Xyfj2asi5f7pj0Qrjtgw.jpg validation/v2.0/labels/C8Xyfj2asi5f7pj0Qrjtgw.png
validation/images/fvo_hC14KpURz7M895DJoA.jpg validation/v2.0/labels/fvo_hC14KpURz7M895DJoA.png
validation/images/iBQN6CKfcMTNpXGhr5-69w.jpg validation/v2.0/labels/iBQN6CKfcMTNpXGhr5-69w.png
validation/images/fguCq560uYX2LKir8PANPQ.jpg validation/v2.0/labels/fguCq560uYX2LKir8PANPQ.png
validation/images/_VBFPfzz72roP_Y72QSQsg.jpg validation/v2.0/labels/_VBFPfzz72roP_Y72QSQsg.png
validation/images/Y8xxUzJ7odJxkd4odiEz4Q.jpg validation/v2.0/labels/Y8xxUzJ7odJxkd4odiEz4Q.png
validation/images/z8SQH2eF9_jpXdSIploxTg.jpg validation/v2.0/labels/z8SQH2eF9_jpXdSIploxTg.png
validation/images/_4SjTmQ-zn3XSv4D1-Tg4w.jpg validation/v2.0/labels/_4SjTmQ-zn3XSv4D1-Tg4w.png
validation/images/cbkG7UrHcNBARMficcbAXg.jpg validation/v2.0/labels/cbkG7UrHcNBARMficcbAXg.png
validation/images/MGCljEDCb-uj1mqitYMLTA.jpg validation/v2.0/labels/MGCljEDCb-uj1mqitYMLTA.png
validation/images/grDzFDON_vntlJOAKJx7qA.jpg validation/v2.0/labels/grDzFDON_vntlJOAKJx7qA.png
validation/images/phxqXKjHU1iDWxxS4QhrwQ.jpg validation/v2.0/labels/phxqXKjHU1iDWxxS4QhrwQ.png
validation/images/_JjvxmD9o0SSoYGIbidGoQ.jpg validation/v2.0/labels/_JjvxmD9o0SSoYGIbidGoQ.png
validation/images/r0oZowEOEgU1taKT0pedfA.jpg validation/v2.0/labels/r0oZowEOEgU1taKT0pedfA.png
validation/images/SqFtqFJZQpfIYEMXKR_CwA.jpg validation/v2.0/labels/SqFtqFJZQpfIYEMXKR_CwA.png
validation/images/zc2etJcVHVUJW66icNaByA.jpg validation/v2.0/labels/zc2etJcVHVUJW66icNaByA.png
validation/images/ozZlVnDdMd1IOb3PZbHqqA.jpg validation/v2.0/labels/ozZlVnDdMd1IOb3PZbHqqA.png
validation/images/kZuyRVhQVTZdys4vN-yuig.jpg validation/v2.0/labels/kZuyRVhQVTZdys4vN-yuig.png
validation/images/63B8VdNHii23jy9_xCNCXw.jpg validation/v2.0/labels/63B8VdNHii23jy9_xCNCXw.png
validation/images/JARwgsAxhLIpv5YnMJgZ_A.jpg validation/v2.0/labels/JARwgsAxhLIpv5YnMJgZ_A.png
validation/images/wg0ImO0VDjXM4RRUWJLKwg.jpg validation/v2.0/labels/wg0ImO0VDjXM4RRUWJLKwg.png
validation/images/IL6MqL0pQnxgzOlsczvgjg.jpg validation/v2.0/labels/IL6MqL0pQnxgzOlsczvgjg.png
validation/images/8_0-AHBG2ZYlpTgmsryG1Q.jpg validation/v2.0/labels/8_0-AHBG2ZYlpTgmsryG1Q.png
validation/images/3d3MF34P-Mnex5d5xjSOYw.jpg validation/v2.0/labels/3d3MF34P-Mnex5d5xjSOYw.png
validation/images/PCqunQynaZRXPOfTd-rfcg.jpg validation/v2.0/labels/PCqunQynaZRXPOfTd-rfcg.png
validation/images/htddmV-UvepimKbYfyZ50Q.jpg validation/v2.0/labels/htddmV-UvepimKbYfyZ50Q.png
validation/images/SPMHVEvTl-lpTFauy6DDQg.jpg validation/v2.0/labels/SPMHVEvTl-lpTFauy6DDQg.png
validation/images/FYoB0UGu40k9nKurB8pucw.jpg validation/v2.0/labels/FYoB0UGu40k9nKurB8pucw.png
validation/images/O3LieXBeROx83Qwc06McKA.jpg validation/v2.0/labels/O3LieXBeROx83Qwc06McKA.png
validation/images/J5BFlgXZdSRc_WAWjs8JHw.jpg validation/v2.0/labels/J5BFlgXZdSRc_WAWjs8JHw.png
validation/images/Kxhg3_Swa-fCuZvKbwbP_Q.jpg validation/v2.0/labels/Kxhg3_Swa-fCuZvKbwbP_Q.png
validation/images/KjZXnU33x24D1K9UiCmY5w.jpg validation/v2.0/labels/KjZXnU33x24D1K9UiCmY5w.png
validation/images/VDyWLBIzcWAxc6OiZuCR4g.jpg validation/v2.0/labels/VDyWLBIzcWAxc6OiZuCR4g.png
validation/images/HMPHvE04RN1c21pdN2XUSw.jpg validation/v2.0/labels/HMPHvE04RN1c21pdN2XUSw.png
validation/images/txRBpdybQ-4GnObbMkRuvw.jpg validation/v2.0/labels/txRBpdybQ-4GnObbMkRuvw.png
validation/images/835lsJfwP84UuFtcIsj7LQ.jpg validation/v2.0/labels/835lsJfwP84UuFtcIsj7LQ.png
validation/images/l0rDnEX_sLNVcGehi3xDvw.jpg validation/v2.0/labels/l0rDnEX_sLNVcGehi3xDvw.png
validation/images/WZpUlGobvJ2CfuVpTDiIZQ.jpg validation/v2.0/labels/WZpUlGobvJ2CfuVpTDiIZQ.png
validation/images/2NanO8tyD3DyTMhNl6UXQw.jpg validation/v2.0/labels/2NanO8tyD3DyTMhNl6UXQw.png
validation/images/aBETx9stJsMP9YBCFkrycw.jpg validation/v2.0/labels/aBETx9stJsMP9YBCFkrycw.png
validation/images/USB_JXBw9NPGGSf9qLjM0A.jpg validation/v2.0/labels/USB_JXBw9NPGGSf9qLjM0A.png
validation/images/feux0pJ5zA62VtGmW11TEQ.jpg validation/v2.0/labels/feux0pJ5zA62VtGmW11TEQ.png
validation/images/P0mdxz07RBD5np3Z-cLOTg.jpg validation/v2.0/labels/P0mdxz07RBD5np3Z-cLOTg.png
validation/images/Fimn6C65kmRy1bO8BdLQzg.jpg validation/v2.0/labels/Fimn6C65kmRy1bO8BdLQzg.png
validation/images/8FF58wpNZtOO8WjdFASPcg.jpg validation/v2.0/labels/8FF58wpNZtOO8WjdFASPcg.png
validation/images/SJ1E2_S8XMOO7akbrV5Z7Q.jpg validation/v2.0/labels/SJ1E2_S8XMOO7akbrV5Z7Q.png
validation/images/jRVm9aAuVmkK7r8nznBLmw.jpg validation/v2.0/labels/jRVm9aAuVmkK7r8nznBLmw.png
validation/images/NaD7JeEjZFSs6B5M-LMHfA.jpg validation/v2.0/labels/NaD7JeEjZFSs6B5M-LMHfA.png
validation/images/pwPtRBoAi-WxS0UjYj-zlw.jpg validation/v2.0/labels/pwPtRBoAi-WxS0UjYj-zlw.png
validation/images/5K1_i38r46HrvLTfSPn_TQ.jpg validation/v2.0/labels/5K1_i38r46HrvLTfSPn_TQ.png
validation/images/nQrQRN7XKCnHqMgF1UbZOA.jpg validation/v2.0/labels/nQrQRN7XKCnHqMgF1UbZOA.png
validation/images/Sm6y1lrW8-gI38npDnGyOw.jpg validation/v2.0/labels/Sm6y1lrW8-gI38npDnGyOw.png
validation/images/k2SFNqIK6sRuNnTxZz0gBA.jpg validation/v2.0/labels/k2SFNqIK6sRuNnTxZz0gBA.png
validation/images/saOcpLdAxAcOAulJVHvb0g.jpg validation/v2.0/labels/saOcpLdAxAcOAulJVHvb0g.png
validation/images/JgGBSsyVmwkCfB75WPiumQ.jpg validation/v2.0/labels/JgGBSsyVmwkCfB75WPiumQ.png
validation/images/6Q5qs5lKBmzOYh70klva3Q.jpg validation/v2.0/labels/6Q5qs5lKBmzOYh70klva3Q.png
validation/images/yQnWvJVWVvfwguvdPqm74Q.jpg validation/v2.0/labels/yQnWvJVWVvfwguvdPqm74Q.png
validation/images/v64bbtkBOGcncMuTC5yHsw.jpg validation/v2.0/labels/v64bbtkBOGcncMuTC5yHsw.png
validation/images/1isFq_HywLQIw0g4FSA_uQ.jpg validation/v2.0/labels/1isFq_HywLQIw0g4FSA_uQ.png
validation/images/8ddU5qIwDtvKlPOBpPAuUg.jpg validation/v2.0/labels/8ddU5qIwDtvKlPOBpPAuUg.png
validation/images/OKLraECXxlI8X7aAxCB-ug.jpg validation/v2.0/labels/OKLraECXxlI8X7aAxCB-ug.png
validation/images/matatT_eRHwLZcJhUdE7CQ.jpg validation/v2.0/labels/matatT_eRHwLZcJhUdE7CQ.png
validation/images/uqR6OpxI6iXmhqT9OmZ7CQ.jpg validation/v2.0/labels/uqR6OpxI6iXmhqT9OmZ7CQ.png
validation/images/CuYeblDEfx_gOfds8-WBwA.jpg validation/v2.0/labels/CuYeblDEfx_gOfds8-WBwA.png
validation/images/-jri_jG7haWRygtOb8FffQ.jpg validation/v2.0/labels/-jri_jG7haWRygtOb8FffQ.png
validation/images/NSTIs_Ay6U-Z8k6HNzWr4A.jpg validation/v2.0/labels/NSTIs_Ay6U-Z8k6HNzWr4A.png
validation/images/07kQvxZ_6UZoTPvH3YhiFg.jpg validation/v2.0/labels/07kQvxZ_6UZoTPvH3YhiFg.png
validation/images/bN-3nHNZu0bGLJIwyECKmw.jpg validation/v2.0/labels/bN-3nHNZu0bGLJIwyECKmw.png
validation/images/eUcJY7TIgJB6ewfHbuELUg.jpg validation/v2.0/labels/eUcJY7TIgJB6ewfHbuELUg.png
validation/images/Ox3lRioEl5FwUTxJ-EVKTA.jpg validation/v2.0/labels/Ox3lRioEl5FwUTxJ-EVKTA.png
validation/images/4LIDnyTE6-QpiNJNyed6VQ.jpg validation/v2.0/labels/4LIDnyTE6-QpiNJNyed6VQ.png
validation/images/cdCDRU6cLWCJx9hghz3T_w.jpg validation/v2.0/labels/cdCDRU6cLWCJx9hghz3T_w.png
validation/images/FskI0Pdu5L6dfwx68wFl8w.jpg validation/v2.0/labels/FskI0Pdu5L6dfwx68wFl8w.png
validation/images/a7EzMTyZgyy8z9f16aiIzQ.jpg validation/v2.0/labels/a7EzMTyZgyy8z9f16aiIzQ.png
validation/images/cFS8nrEaY2DzE9aj2ema-w.jpg validation/v2.0/labels/cFS8nrEaY2DzE9aj2ema-w.png
validation/images/gHusXbedQPytazoPz08c5A.jpg validation/v2.0/labels/gHusXbedQPytazoPz08c5A.png
validation/images/QysTQji2iOCqtm_m16TQdQ.jpg validation/v2.0/labels/QysTQji2iOCqtm_m16TQdQ.png
validation/images/7I-mXh1n2_zNrPfjDfEBuQ.jpg validation/v2.0/labels/7I-mXh1n2_zNrPfjDfEBuQ.png
validation/images/mPu7lQdg6mQ2rsMChmB1gw.jpg validation/v2.0/labels/mPu7lQdg6mQ2rsMChmB1gw.png
validation/images/_3JWmnl2ILeemJ9qoxHJCg.jpg validation/v2.0/labels/_3JWmnl2ILeemJ9qoxHJCg.png
validation/images/jeytvLNTwyEA5Wyk5D7mMg.jpg validation/v2.0/labels/jeytvLNTwyEA5Wyk5D7mMg.png
validation/images/hgbVTuWaLwssFL5NLuzTFA.jpg validation/v2.0/labels/hgbVTuWaLwssFL5NLuzTFA.png
validation/images/ErfWNgkXYgCmyWYkIrZnUg.jpg validation/v2.0/labels/ErfWNgkXYgCmyWYkIrZnUg.png
validation/images/0eS0pdffaI0C3s4IvSbUYA.jpg validation/v2.0/labels/0eS0pdffaI0C3s4IvSbUYA.png
validation/images/YSYBHp9a3CNkjiXy_kpp-g.jpg validation/v2.0/labels/YSYBHp9a3CNkjiXy_kpp-g.png
validation/images/5gPWjcG-qCrBo4KQrUaSmw.jpg validation/v2.0/labels/5gPWjcG-qCrBo4KQrUaSmw.png
validation/images/OOmc36ylAGdJo5TbQ5vLUg.jpg validation/v2.0/labels/OOmc36ylAGdJo5TbQ5vLUg.png
validation/images/61pk4tz3PHmfDkc8VBBtsg.jpg validation/v2.0/labels/61pk4tz3PHmfDkc8VBBtsg.png
validation/images/Bz5-mgMDWk6gMN_gLPwnxg.jpg validation/v2.0/labels/Bz5-mgMDWk6gMN_gLPwnxg.png
validation/images/PP6aibVfC9wmwORWfKQn-Q.jpg validation/v2.0/labels/PP6aibVfC9wmwORWfKQn-Q.png
validation/images/OJzTXH-BDYr_uI4MybQtRw.jpg validation/v2.0/labels/OJzTXH-BDYr_uI4MybQtRw.png
validation/images/E9B6brxy7UsbrtnYmpY-xA.jpg validation/v2.0/labels/E9B6brxy7UsbrtnYmpY-xA.png
validation/images/fO9OE-PSe_AYa914ie5_fA.jpg validation/v2.0/labels/fO9OE-PSe_AYa914ie5_fA.png
validation/images/L7bHKCkhhBxIBXCKwI8HnA.jpg validation/v2.0/labels/L7bHKCkhhBxIBXCKwI8HnA.png
validation/images/E-kbfzQGyHFgWhX3mGqmfQ.jpg validation/v2.0/labels/E-kbfzQGyHFgWhX3mGqmfQ.png
validation/images/8gDJwDsXmqxaeDOLNe6X3A.jpg validation/v2.0/labels/8gDJwDsXmqxaeDOLNe6X3A.png
validation/images/9eQEuKjdNCT9D6vO-Rjv8Q.jpg validation/v2.0/labels/9eQEuKjdNCT9D6vO-Rjv8Q.png
validation/images/s_Zb_Ie7HrEFAvjJhDm84w.jpg validation/v2.0/labels/s_Zb_Ie7HrEFAvjJhDm84w.png
validation/images/s9pp8kBaUxg0KMGDSgIZiA.jpg validation/v2.0/labels/s9pp8kBaUxg0KMGDSgIZiA.png
validation/images/GmS_quFXmJhShIaiS8VShA.jpg validation/v2.0/labels/GmS_quFXmJhShIaiS8VShA.png
validation/images/bx2Y3cJu09T7LM8uyQ9e2Q.jpg validation/v2.0/labels/bx2Y3cJu09T7LM8uyQ9e2Q.png
validation/images/7eSmG14jLr49BDbr3wbOFg.jpg validation/v2.0/labels/7eSmG14jLr49BDbr3wbOFg.png
validation/images/pGch4a8uRdRauNm2DP2XBw.jpg validation/v2.0/labels/pGch4a8uRdRauNm2DP2XBw.png
validation/images/Kh6aQhOHH6zqZQog1C5daw.jpg validation/v2.0/labels/Kh6aQhOHH6zqZQog1C5daw.png
validation/images/azMsPSPFoz_70iRiwpA8cg.jpg validation/v2.0/labels/azMsPSPFoz_70iRiwpA8cg.png
validation/images/D7GnKzDgKIRydMidHYX-Ew.jpg validation/v2.0/labels/D7GnKzDgKIRydMidHYX-Ew.png
validation/images/mRR6OKS2vE8h8X9TW2YqHg.jpg validation/v2.0/labels/mRR6OKS2vE8h8X9TW2YqHg.png
validation/images/U73RutNFWvD1Oi4lpLz8tg.jpg validation/v2.0/labels/U73RutNFWvD1Oi4lpLz8tg.png
validation/images/CAjAHPaEB0PYNXglida1NA.jpg validation/v2.0/labels/CAjAHPaEB0PYNXglida1NA.png
validation/images/Er6jNrmINby7E7rFM48dKQ.jpg validation/v2.0/labels/Er6jNrmINby7E7rFM48dKQ.png
validation/images/sBrbx-NpMTh0TmaNedrSbQ.jpg validation/v2.0/labels/sBrbx-NpMTh0TmaNedrSbQ.png
validation/images/XvTmq25h-8GUAnZ-bDY7lA.jpg validation/v2.0/labels/XvTmq25h-8GUAnZ-bDY7lA.png
validation/images/bAPsGDAsC_t4czPE4ZmhuA.jpg validation/v2.0/labels/bAPsGDAsC_t4czPE4ZmhuA.png
validation/images/5EO0WKraJItW3YTXsr8gQg.jpg validation/v2.0/labels/5EO0WKraJItW3YTXsr8gQg.png
validation/images/xZ03YMge29iBBjdE9u7L7A.jpg validation/v2.0/labels/xZ03YMge29iBBjdE9u7L7A.png
validation/images/8anx4_eW_MnMjbJcTYSM8A.jpg validation/v2.0/labels/8anx4_eW_MnMjbJcTYSM8A.png
validation/images/J2XrgzwThOo5MaOFPMPyMA.jpg validation/v2.0/labels/J2XrgzwThOo5MaOFPMPyMA.png
validation/images/RQh5exRs_Kxnu-I5Vnaxaw.jpg validation/v2.0/labels/RQh5exRs_Kxnu-I5Vnaxaw.png
validation/images/VIMhZ0QALIC9hI97SWkA8A.jpg validation/v2.0/labels/VIMhZ0QALIC9hI97SWkA8A.png
validation/images/SqBZ2HitJVan9f9yrXPGWA.jpg validation/v2.0/labels/SqBZ2HitJVan9f9yrXPGWA.png
validation/images/c2bG4N-fWC46PQl6i9w1rA.jpg validation/v2.0/labels/c2bG4N-fWC46PQl6i9w1rA.png
validation/images/59gA66zWDVgSaX4wgWVXug.jpg validation/v2.0/labels/59gA66zWDVgSaX4wgWVXug.png
validation/images/JCRhTyCkThLNFoJolxOS2w.jpg validation/v2.0/labels/JCRhTyCkThLNFoJolxOS2w.png
validation/images/L5eWTUqquBIycKcqJC2BtQ.jpg validation/v2.0/labels/L5eWTUqquBIycKcqJC2BtQ.png
validation/images/3eebGhMDYl-xpu_imGfvZg.jpg validation/v2.0/labels/3eebGhMDYl-xpu_imGfvZg.png
validation/images/08uTEfTU4TFuM3JIFP2VGQ.jpg validation/v2.0/labels/08uTEfTU4TFuM3JIFP2VGQ.png
validation/images/RoX-oTk-FMkL5dacG9JrPQ.jpg validation/v2.0/labels/RoX-oTk-FMkL5dacG9JrPQ.png
validation/images/UY_PHWayVjp9j134zW00FQ.jpg validation/v2.0/labels/UY_PHWayVjp9j134zW00FQ.png
validation/images/eraEZvcNhtQ5B26hWhw5jg.jpg validation/v2.0/labels/eraEZvcNhtQ5B26hWhw5jg.png
validation/images/iU9Fvr7Cn05Db0hbktR02g.jpg validation/v2.0/labels/iU9Fvr7Cn05Db0hbktR02g.png
validation/images/baCdqSF2sP80Kf2J7_jD9Q.jpg validation/v2.0/labels/baCdqSF2sP80Kf2J7_jD9Q.png
validation/images/VQc-jC46l1xBr-pOKWQkIQ.jpg validation/v2.0/labels/VQc-jC46l1xBr-pOKWQkIQ.png
validation/images/Hbf4B4WYjKU6C1Qe2XSoVw.jpg validation/v2.0/labels/Hbf4B4WYjKU6C1Qe2XSoVw.png
validation/images/L2olNRKFzF8BY5X9KJQriA.jpg validation/v2.0/labels/L2olNRKFzF8BY5X9KJQriA.png
validation/images/DX6nJZ-lB4o8OofJlb15PQ.jpg validation/v2.0/labels/DX6nJZ-lB4o8OofJlb15PQ.png
validation/images/mG_ib-X21kDBwz_EHRZ1Vg.jpg validation/v2.0/labels/mG_ib-X21kDBwz_EHRZ1Vg.png
validation/images/7jsufwhCbGXTh_Yejm7YcA.jpg validation/v2.0/labels/7jsufwhCbGXTh_Yejm7YcA.png
validation/images/55HlWJJiqhGYuIq_idCvmg.jpg validation/v2.0/labels/55HlWJJiqhGYuIq_idCvmg.png
validation/images/57RX6_BDC8sYop4gU8DpUw.jpg validation/v2.0/labels/57RX6_BDC8sYop4gU8DpUw.png
validation/images/g6aI4xAc9g8p_A7f4LGIww.jpg validation/v2.0/labels/g6aI4xAc9g8p_A7f4LGIww.png
validation/images/A-nhP3RuutqijY-O-9zsrA.jpg validation/v2.0/labels/A-nhP3RuutqijY-O-9zsrA.png
validation/images/mQYagqbHfI2vEt2yiCb5cw.jpg validation/v2.0/labels/mQYagqbHfI2vEt2yiCb5cw.png
validation/images/L0bY5HKnbiU8hi5pYQg7hQ.jpg validation/v2.0/labels/L0bY5HKnbiU8hi5pYQg7hQ.png
validation/images/N0OSpi6wpFvK87qbIF5tvA.jpg validation/v2.0/labels/N0OSpi6wpFvK87qbIF5tvA.png
validation/images/fyaMKHXTQ2DYwANM1Da9LA.jpg validation/v2.0/labels/fyaMKHXTQ2DYwANM1Da9LA.png
validation/images/clXXNaBwFCAmfi54g0FnEQ.jpg validation/v2.0/labels/clXXNaBwFCAmfi54g0FnEQ.png
validation/images/SX-9SLEUyrSdj8BR3tbtCg.jpg validation/v2.0/labels/SX-9SLEUyrSdj8BR3tbtCg.png
validation/images/W4Uj_HomlZRc2udiFnoWrw.jpg validation/v2.0/labels/W4Uj_HomlZRc2udiFnoWrw.png
validation/images/oMg-PxipQvkRqg3LPArMUA.jpg validation/v2.0/labels/oMg-PxipQvkRqg3LPArMUA.png
validation/images/h8bi_dThuerTb_6xuevgiw.jpg validation/v2.0/labels/h8bi_dThuerTb_6xuevgiw.png
validation/images/i2FY_5n1O5xLsQ4KFjKeqg.jpg validation/v2.0/labels/i2FY_5n1O5xLsQ4KFjKeqg.png
validation/images/0NAkQGTqAfm7LNzziBPBww.jpg validation/v2.0/labels/0NAkQGTqAfm7LNzziBPBww.png
validation/images/SKypS9o2AZ3Em37Kg2t4xQ.jpg validation/v2.0/labels/SKypS9o2AZ3Em37Kg2t4xQ.png
validation/images/3dZh1N_Gnm4Kpx5Jy0Lc0g.jpg validation/v2.0/labels/3dZh1N_Gnm4Kpx5Jy0Lc0g.png
validation/images/KnZ1g2AW_OmV96DDgYzB2g.jpg validation/v2.0/labels/KnZ1g2AW_OmV96DDgYzB2g.png
validation/images/hYaHZi16laZGSt5MjKunJw.jpg validation/v2.0/labels/hYaHZi16laZGSt5MjKunJw.png
validation/images/RILX7lwkosl-O0ALoSVlrA.jpg validation/v2.0/labels/RILX7lwkosl-O0ALoSVlrA.png
validation/images/946z1GCuSZjUn1x2_taDaA.jpg validation/v2.0/labels/946z1GCuSZjUn1x2_taDaA.png
validation/images/tr9JEwMdS7colUcog7QAhw.jpg validation/v2.0/labels/tr9JEwMdS7colUcog7QAhw.png
validation/images/h1qGuKxycylQbMPEKi7Dfw.jpg validation/v2.0/labels/h1qGuKxycylQbMPEKi7Dfw.png
validation/images/cADzkSLJUlsMKpB_vRo5dA.jpg validation/v2.0/labels/cADzkSLJUlsMKpB_vRo5dA.png
validation/images/DT6tG3glZGxaht7hDYxI3Q.jpg validation/v2.0/labels/DT6tG3glZGxaht7hDYxI3Q.png
validation/images/fx4UAddR3SFxlO07L2WJlg.jpg validation/v2.0/labels/fx4UAddR3SFxlO07L2WJlg.png
validation/images/Zvk334yLPVmRNv8Qnc2TyA.jpg validation/v2.0/labels/Zvk334yLPVmRNv8Qnc2TyA.png
validation/images/IrZFUnMCato-Y-nCxNzHaA.jpg validation/v2.0/labels/IrZFUnMCato-Y-nCxNzHaA.png
validation/images/eXw2W3UkYp5tsc1kA9CGHQ.jpg validation/v2.0/labels/eXw2W3UkYp5tsc1kA9CGHQ.png
validation/images/hf2QGmB3ULp0yw7WanicuA.jpg validation/v2.0/labels/hf2QGmB3ULp0yw7WanicuA.png
validation/images/b8LkVdta0t-0IZ5rBRe1Qw.jpg validation/v2.0/labels/b8LkVdta0t-0IZ5rBRe1Qw.png
validation/images/yXQwDLQK_FhkRP8iRiPiug.jpg validation/v2.0/labels/yXQwDLQK_FhkRP8iRiPiug.png
validation/images/FyC2cimDdAGyRbfhFCr-7g.jpg validation/v2.0/labels/FyC2cimDdAGyRbfhFCr-7g.png
validation/images/j1hsidexhHPN1bNfCtzJ0Q.jpg validation/v2.0/labels/j1hsidexhHPN1bNfCtzJ0Q.png
validation/images/4HjkJ973GRr9dw6cXJ0wWw.jpg validation/v2.0/labels/4HjkJ973GRr9dw6cXJ0wWw.png
validation/images/qFnvHkpD5JApgEQZ9Q0kag.jpg validation/v2.0/labels/qFnvHkpD5JApgEQZ9Q0kag.png
validation/images/AU07yidhmL_qakR6Dv7cYg.jpg validation/v2.0/labels/AU07yidhmL_qakR6Dv7cYg.png
validation/images/wrU2ib1an6AmgVGdRYLuTQ.jpg validation/v2.0/labels/wrU2ib1an6AmgVGdRYLuTQ.png
validation/images/SMYi6CgN3cTpdYvEH-oL7A.jpg validation/v2.0/labels/SMYi6CgN3cTpdYvEH-oL7A.png
validation/images/eqTw3fhG2XZodb3UQd5XIw.jpg validation/v2.0/labels/eqTw3fhG2XZodb3UQd5XIw.png
validation/images/OkOJlU8l98KqPEE05dv1tA.jpg validation/v2.0/labels/OkOJlU8l98KqPEE05dv1tA.png
validation/images/P9IpY9o3B02j1P7iutiE4g.jpg validation/v2.0/labels/P9IpY9o3B02j1P7iutiE4g.png
validation/images/1MoFjt8lFydFWvuKu_jOWQ.jpg validation/v2.0/labels/1MoFjt8lFydFWvuKu_jOWQ.png
validation/images/A-q1nAJMYAg0vQbGfOk8jQ.jpg validation/v2.0/labels/A-q1nAJMYAg0vQbGfOk8jQ.png
validation/images/FII-Ojk9FCDADyjS8O5H2g.jpg validation/v2.0/labels/FII-Ojk9FCDADyjS8O5H2g.png
validation/images/i90Z2kT2tPqJSkg8svhndw.jpg validation/v2.0/labels/i90Z2kT2tPqJSkg8svhndw.png
validation/images/kipioN7fToHYviw46cPbbA.jpg validation/v2.0/labels/kipioN7fToHYviw46cPbbA.png
validation/images/mdlQIo6Y_c62JbiTzrM1NQ.jpg validation/v2.0/labels/mdlQIo6Y_c62JbiTzrM1NQ.png
validation/images/1S5dk82Kz6LuXJed4xXfqA.jpg validation/v2.0/labels/1S5dk82Kz6LuXJed4xXfqA.png
validation/images/2T2reH82rbd0z8gtmBekzg.jpg validation/v2.0/labels/2T2reH82rbd0z8gtmBekzg.png
validation/images/dLdKXcWdb9O22FhLyptm-A.jpg validation/v2.0/labels/dLdKXcWdb9O22FhLyptm-A.png
validation/images/SRip5s0pzwRnsy1YQCh8Zw.jpg validation/v2.0/labels/SRip5s0pzwRnsy1YQCh8Zw.png
validation/images/s9HgxGejiBu5fVVlVGsu7g.jpg validation/v2.0/labels/s9HgxGejiBu5fVVlVGsu7g.png
validation/images/vmi4wR9fwxRe42sJcPAviA.jpg validation/v2.0/labels/vmi4wR9fwxRe42sJcPAviA.png
validation/images/1bMLbauZRH1U2aKGiO3Cjw.jpg validation/v2.0/labels/1bMLbauZRH1U2aKGiO3Cjw.png
validation/images/TWIUpQFn0cV_NjkWqcJ_qw.jpg validation/v2.0/labels/TWIUpQFn0cV_NjkWqcJ_qw.png
validation/images/RAmLJFScIdHnDOVy4YFMWA.jpg validation/v2.0/labels/RAmLJFScIdHnDOVy4YFMWA.png
validation/images/iYGUOkS9D57bpnPOLgf_7A.jpg validation/v2.0/labels/iYGUOkS9D57bpnPOLgf_7A.png
validation/images/ehtFt5gDZQ5xfe4CRwOGKw.jpg validation/v2.0/labels/ehtFt5gDZQ5xfe4CRwOGKw.png
validation/images/TMqqmWODsg4EfVr71bV9zQ.jpg validation/v2.0/labels/TMqqmWODsg4EfVr71bV9zQ.png
validation/images/kpyGZtTfNn3Ln_ADb7OOMw.jpg validation/v2.0/labels/kpyGZtTfNn3Ln_ADb7OOMw.png
validation/images/AGxQK4GN_qg5qCl-e0KpWQ.jpg validation/v2.0/labels/AGxQK4GN_qg5qCl-e0KpWQ.png
validation/images/D8Uqu6tYZ0Z9yCK2cCmRQQ.jpg validation/v2.0/labels/D8Uqu6tYZ0Z9yCK2cCmRQQ.png
validation/images/cU4Q8b-hV1TjaPpqkBmo8Q.jpg validation/v2.0/labels/cU4Q8b-hV1TjaPpqkBmo8Q.png
validation/images/bkjcknY3KXr-F5wUJ976yg.jpg validation/v2.0/labels/bkjcknY3KXr-F5wUJ976yg.png
validation/images/c8gxiaoGYO8Qccpt6VEdfA.jpg validation/v2.0/labels/c8gxiaoGYO8Qccpt6VEdfA.png
validation/images/3s28sAnr1WZdCOIYJszxag.jpg validation/v2.0/labels/3s28sAnr1WZdCOIYJszxag.png
validation/images/GiwWuQKUYVpMSMg_-FN1jQ.jpg validation/v2.0/labels/GiwWuQKUYVpMSMg_-FN1jQ.png
validation/images/QpUqknrYylh3GEmUniA2qQ.jpg validation/v2.0/labels/QpUqknrYylh3GEmUniA2qQ.png
validation/images/uMwBwpfHHKQ6so9ljmWn8Q.jpg validation/v2.0/labels/uMwBwpfHHKQ6so9ljmWn8Q.png
validation/images/WYXPY3n9M9vyS_1G2cRZ2Q.jpg validation/v2.0/labels/WYXPY3n9M9vyS_1G2cRZ2Q.png
validation/images/7XH3J0LCYRW4Ab4x-QHEiw.jpg validation/v2.0/labels/7XH3J0LCYRW4Ab4x-QHEiw.png
validation/images/ir57aYIQSDMWclyX7mAXEQ.jpg validation/v2.0/labels/ir57aYIQSDMWclyX7mAXEQ.png
validation/images/bvSGJVPKHwU9ApMiF19h_A.jpg validation/v2.0/labels/bvSGJVPKHwU9ApMiF19h_A.png
validation/images/Uudh-FzQX_6weEQLptf3qQ.jpg validation/v2.0/labels/Uudh-FzQX_6weEQLptf3qQ.png
validation/images/leX9wS94MN24QXtDA0IE6g.jpg validation/v2.0/labels/leX9wS94MN24QXtDA0IE6g.png
validation/images/1tvtg2B5emazY6j9YHCjoQ.jpg validation/v2.0/labels/1tvtg2B5emazY6j9YHCjoQ.png
validation/images/cYfse-fKPYPG4AmCjUvqvw.jpg validation/v2.0/labels/cYfse-fKPYPG4AmCjUvqvw.png
validation/images/FDKzMUQdKRR4huVow56AIg.jpg validation/v2.0/labels/FDKzMUQdKRR4huVow56AIg.png
validation/images/_nkGabIg75InR0BNybbzGQ.jpg validation/v2.0/labels/_nkGabIg75InR0BNybbzGQ.png
validation/images/ZwUz9m77yM5L-OuQPIxlMg.jpg validation/v2.0/labels/ZwUz9m77yM5L-OuQPIxlMg.png
validation/images/Ug4JjMflFf6PVC2EG6YQfw.jpg validation/v2.0/labels/Ug4JjMflFf6PVC2EG6YQfw.png
validation/images/N59Fehb9BIJQZKd68AVuIg.jpg validation/v2.0/labels/N59Fehb9BIJQZKd68AVuIg.png
validation/images/K6kKG2gDv0myvM1fjgJlvQ.jpg validation/v2.0/labels/K6kKG2gDv0myvM1fjgJlvQ.png
validation/images/-32tlgoydG0ZCyijh8piZQ.jpg validation/v2.0/labels/-32tlgoydG0ZCyijh8piZQ.png
validation/images/epenTGhc74BxGWVkp_90Bg.jpg validation/v2.0/labels/epenTGhc74BxGWVkp_90Bg.png
validation/images/_suEf8akoJiUvWvb4eteTw.jpg validation/v2.0/labels/_suEf8akoJiUvWvb4eteTw.png
validation/images/F_TfkLEgTq8F7OK0swOGuw.jpg validation/v2.0/labels/F_TfkLEgTq8F7OK0swOGuw.png
validation/images/NFYtcfk-Ad-tkIEoq3_IWA.jpg validation/v2.0/labels/NFYtcfk-Ad-tkIEoq3_IWA.png
validation/images/byskyaa9lIooL257e00VCw.jpg validation/v2.0/labels/byskyaa9lIooL257e00VCw.png
validation/images/F-SaJwY8exrIXo37_v8S3w.jpg validation/v2.0/labels/F-SaJwY8exrIXo37_v8S3w.png
validation/images/OV8epP3vjYTQ77dGBxZt8Q.jpg validation/v2.0/labels/OV8epP3vjYTQ77dGBxZt8Q.png
validation/images/6x2rKAIi42pIXowhKP20Xw.jpg validation/v2.0/labels/6x2rKAIi42pIXowhKP20Xw.png
validation/images/ZfEFc2_ua9wpYU2JkZqmAw.jpg validation/v2.0/labels/ZfEFc2_ua9wpYU2JkZqmAw.png
validation/images/UveXL1uPx0kYcE2rVwXjKQ.jpg validation/v2.0/labels/UveXL1uPx0kYcE2rVwXjKQ.png
validation/images/TFB2mICqMnJwhSXuGZK4Ew.jpg validation/v2.0/labels/TFB2mICqMnJwhSXuGZK4Ew.png
validation/images/qlduwyaCHBx2i8xsscaX2g.jpg validation/v2.0/labels/qlduwyaCHBx2i8xsscaX2g.png
validation/images/MbPE1SdjzPspEKXXOf5b3A.jpg validation/v2.0/labels/MbPE1SdjzPspEKXXOf5b3A.png
validation/images/wn9n5GzGIreX8Zh-pKpU_Q.jpg validation/v2.0/labels/wn9n5GzGIreX8Zh-pKpU_Q.png
validation/images/1PA--U0r9AjcC2IxMw7nJQ.jpg validation/v2.0/labels/1PA--U0r9AjcC2IxMw7nJQ.png
validation/images/3w4VXK8IPOd2dfey66kk8g.jpg validation/v2.0/labels/3w4VXK8IPOd2dfey66kk8g.png
validation/images/CoMi13trvH0UE03Omj2INQ.jpg validation/v2.0/labels/CoMi13trvH0UE03Omj2INQ.png
validation/images/jzW7IO0aja2Ww9aQtiag7Q.jpg validation/v2.0/labels/jzW7IO0aja2Ww9aQtiag7Q.png
validation/images/fXYwltFZejCF1SMv96_q7w.jpg validation/v2.0/labels/fXYwltFZejCF1SMv96_q7w.png
validation/images/a67XXcNj1rWsU9nrehexaw.jpg validation/v2.0/labels/a67XXcNj1rWsU9nrehexaw.png
validation/images/uRVpakGwfK_15NiS5isfKw.jpg validation/v2.0/labels/uRVpakGwfK_15NiS5isfKw.png
validation/images/BpEAwInYD8re5pmwu0rDIQ.jpg validation/v2.0/labels/BpEAwInYD8re5pmwu0rDIQ.png
validation/images/brwKugqKDPgkBEACrhRehg.jpg validation/v2.0/labels/brwKugqKDPgkBEACrhRehg.png
validation/images/14NhJEAXlaFN3cYWMBPLEQ.jpg validation/v2.0/labels/14NhJEAXlaFN3cYWMBPLEQ.png
validation/images/or6qWEt_MNF83_IWIY3e8g.jpg validation/v2.0/labels/or6qWEt_MNF83_IWIY3e8g.png
validation/images/XKfUSHE1rL3AlnZQHaIlmw.jpg validation/v2.0/labels/XKfUSHE1rL3AlnZQHaIlmw.png
validation/images/oSOeklD6vGcTq6X5futMbg.jpg validation/v2.0/labels/oSOeklD6vGcTq6X5futMbg.png
validation/images/N4GFZ74VN2mchRjQ4hGyyA.jpg validation/v2.0/labels/N4GFZ74VN2mchRjQ4hGyyA.png
validation/images/RrFmp3F7PehUiutYzMpoMg.jpg validation/v2.0/labels/RrFmp3F7PehUiutYzMpoMg.png
validation/images/6UaGqFikn00j8xkfYf-goQ.jpg validation/v2.0/labels/6UaGqFikn00j8xkfYf-goQ.png
validation/images/yjYkXtsp5UpsxYy9x4jOcA.jpg validation/v2.0/labels/yjYkXtsp5UpsxYy9x4jOcA.png
validation/images/0hMunfM7UARtb1ILfDbD-g.jpg validation/v2.0/labels/0hMunfM7UARtb1ILfDbD-g.png
validation/images/7gqJRt_d0kZBSTpB_Nq9kw.jpg validation/v2.0/labels/7gqJRt_d0kZBSTpB_Nq9kw.png
validation/images/O7VZTUCmSfO-0Q3f3Eb5QA.jpg validation/v2.0/labels/O7VZTUCmSfO-0Q3f3Eb5QA.png
validation/images/xV9YizBDEkQXBt2_7QOrGQ.jpg validation/v2.0/labels/xV9YizBDEkQXBt2_7QOrGQ.png
validation/images/hOet8tAPYyr3tCrpDcu8YA.jpg validation/v2.0/labels/hOet8tAPYyr3tCrpDcu8YA.png
validation/images/qHiet8YTr21kYhs7XTf6ng.jpg validation/v2.0/labels/qHiet8YTr21kYhs7XTf6ng.png
validation/images/JSCTB43EcE3jcrH2kZk8eA.jpg validation/v2.0/labels/JSCTB43EcE3jcrH2kZk8eA.png
validation/images/ifKRwqutBd7RO2QQGaKMVw.jpg validation/v2.0/labels/ifKRwqutBd7RO2QQGaKMVw.png
validation/images/UEsaGDkte5mrb47VRL02Hw.jpg validation/v2.0/labels/UEsaGDkte5mrb47VRL02Hw.png
validation/images/xuxeu_lHrmZvhItLKWny2A.jpg validation/v2.0/labels/xuxeu_lHrmZvhItLKWny2A.png
validation/images/VLf8E5p8Cc3k8ts2GMP_EQ.jpg validation/v2.0/labels/VLf8E5p8Cc3k8ts2GMP_EQ.png
validation/images/k53E4nIRjAdP4Qhf_jL4og.jpg validation/v2.0/labels/k53E4nIRjAdP4Qhf_jL4og.png
validation/images/BOhRWGdo7UI6jKJ67rDw8Q.jpg validation/v2.0/labels/BOhRWGdo7UI6jKJ67rDw8Q.png
validation/images/8iVispHQFNzyShJCQbJNjg.jpg validation/v2.0/labels/8iVispHQFNzyShJCQbJNjg.png
validation/images/YJJKZK_KLuLJVcUGcxazWg.jpg validation/v2.0/labels/YJJKZK_KLuLJVcUGcxazWg.png
validation/images/KSq23J1ibgw_ufqayMOGPA.jpg validation/v2.0/labels/KSq23J1ibgw_ufqayMOGPA.png
validation/images/dd7uC_JL7JtsWMwgKdY8mw.jpg validation/v2.0/labels/dd7uC_JL7JtsWMwgKdY8mw.png
validation/images/tvuLEUzzYYlkA_L_du12Rw.jpg validation/v2.0/labels/tvuLEUzzYYlkA_L_du12Rw.png
validation/images/I-XECF_7frJYdRPxDMq5tA.jpg validation/v2.0/labels/I-XECF_7frJYdRPxDMq5tA.png
validation/images/zri4-Q47jDu1RauHtDbNQQ.jpg validation/v2.0/labels/zri4-Q47jDu1RauHtDbNQQ.png
validation/images/mddJMHEwA8Ensx6QdtiVhQ.jpg validation/v2.0/labels/mddJMHEwA8Ensx6QdtiVhQ.png
validation/images/swRc3VFbYCXSFVdY14o1AQ.jpg validation/v2.0/labels/swRc3VFbYCXSFVdY14o1AQ.png
validation/images/4vWFrAMz2Qn3U_6OKB-CgA.jpg validation/v2.0/labels/4vWFrAMz2Qn3U_6OKB-CgA.png
validation/images/Xzq5X5cP9GH7q0RzQX7csA.jpg validation/v2.0/labels/Xzq5X5cP9GH7q0RzQX7csA.png
validation/images/WvTCcXp__xX4yj_JBwaJtw.jpg validation/v2.0/labels/WvTCcXp__xX4yj_JBwaJtw.png
validation/images/RqQrg01oZnik2gMp0ho1gw.jpg validation/v2.0/labels/RqQrg01oZnik2gMp0ho1gw.png
validation/images/P4EiM76FN9SQR2JV-z1IeA.jpg validation/v2.0/labels/P4EiM76FN9SQR2JV-z1IeA.png
validation/images/2Zmmq8u0tDHyuavKnDYDWw.jpg validation/v2.0/labels/2Zmmq8u0tDHyuavKnDYDWw.png
validation/images/3_f1Ewum_g-gdZ9h-SuKKA.jpg validation/v2.0/labels/3_f1Ewum_g-gdZ9h-SuKKA.png
validation/images/mmig3EtqOjzCir4cnU89bw.jpg validation/v2.0/labels/mmig3EtqOjzCir4cnU89bw.png
validation/images/OGHqtq67sKIVqNOyP3nGkw.jpg validation/v2.0/labels/OGHqtq67sKIVqNOyP3nGkw.png
validation/images/Y8K3VLrD7169r9ByWZziYw.jpg validation/v2.0/labels/Y8K3VLrD7169r9ByWZziYw.png
validation/images/dZ6ZlLb1OY5LkhrzLOvztQ.jpg validation/v2.0/labels/dZ6ZlLb1OY5LkhrzLOvztQ.png
validation/images/pZaiHvEPZAAoAmFsxoGnfg.jpg validation/v2.0/labels/pZaiHvEPZAAoAmFsxoGnfg.png
validation/images/lkQ2UPsNjSf-S5a9G6N3Aw.jpg validation/v2.0/labels/lkQ2UPsNjSf-S5a9G6N3Aw.png
validation/images/QPc3tzYRQZ3h6z_9VJ8LXw.jpg validation/v2.0/labels/QPc3tzYRQZ3h6z_9VJ8LXw.png
validation/images/sxYa4s-UHSOxJr74sOQ2Zg.jpg validation/v2.0/labels/sxYa4s-UHSOxJr74sOQ2Zg.png
validation/images/6PRSG7BGxpfiEi5vMyp3Ow.jpg validation/v2.0/labels/6PRSG7BGxpfiEi5vMyp3Ow.png
validation/images/pTbVDf5aOHP4g6BoSQotqA.jpg validation/v2.0/labels/pTbVDf5aOHP4g6BoSQotqA.png
validation/images/Dj8rM4gqy2B8F8YrCAqnnQ.jpg validation/v2.0/labels/Dj8rM4gqy2B8F8YrCAqnnQ.png
validation/images/tius7tAUbW6iy5Oq1FlPSQ.jpg validation/v2.0/labels/tius7tAUbW6iy5Oq1FlPSQ.png
validation/images/ZX_Unf78Sld4nFLYS_hN_g.jpg validation/v2.0/labels/ZX_Unf78Sld4nFLYS_hN_g.png
validation/images/YCFVHCXEq6ITwmvV9igGhw.jpg validation/v2.0/labels/YCFVHCXEq6ITwmvV9igGhw.png
validation/images/BHrwBEaSlO4SjJZSAY0Q0Q.jpg validation/v2.0/labels/BHrwBEaSlO4SjJZSAY0Q0Q.png
validation/images/uCCzwTdFGzELjW0as_vkAQ.jpg validation/v2.0/labels/uCCzwTdFGzELjW0as_vkAQ.png
validation/images/k2fvDYG8zpnZgOHTvtypDQ.jpg validation/v2.0/labels/k2fvDYG8zpnZgOHTvtypDQ.png
validation/images/7QrOGCeWdczVFMk2htRLhw.jpg validation/v2.0/labels/7QrOGCeWdczVFMk2htRLhw.png
validation/images/L0zKtTw1fvBamIeEWGQGuQ.jpg validation/v2.0/labels/L0zKtTw1fvBamIeEWGQGuQ.png
validation/images/wgTkezVtndbDcWVqFEZcqA.jpg validation/v2.0/labels/wgTkezVtndbDcWVqFEZcqA.png
validation/images/VLAewuP8KB83ub_Di4xY9Q.jpg validation/v2.0/labels/VLAewuP8KB83ub_Di4xY9Q.png
validation/images/_K1nlMqMNwmPJb7D_ma4zA.jpg validation/v2.0/labels/_K1nlMqMNwmPJb7D_ma4zA.png
validation/images/HvCnu3uDr8gpI6QveXukcw.jpg validation/v2.0/labels/HvCnu3uDr8gpI6QveXukcw.png
validation/images/AQlDdV1WMKZzEsJCgqBMAg.jpg validation/v2.0/labels/AQlDdV1WMKZzEsJCgqBMAg.png
validation/images/_QDf_pTzs-sEyBubXqmqxA.jpg validation/v2.0/labels/_QDf_pTzs-sEyBubXqmqxA.png
validation/images/3QQrUUWoNcLmMhP76AT-TA.jpg validation/v2.0/labels/3QQrUUWoNcLmMhP76AT-TA.png
validation/images/EBoMwNOLsxUGoVEmEc3AcA.jpg validation/v2.0/labels/EBoMwNOLsxUGoVEmEc3AcA.png
validation/images/pOAxCu1jL9EZXCSS5RBEaQ.jpg validation/v2.0/labels/pOAxCu1jL9EZXCSS5RBEaQ.png
validation/images/CoBAkHgeaj5djbvAhayQ1g.jpg validation/v2.0/labels/CoBAkHgeaj5djbvAhayQ1g.png
validation/images/552L4GU_EgLMi9FMhAgHZg.jpg validation/v2.0/labels/552L4GU_EgLMi9FMhAgHZg.png
validation/images/_ofjP6PF8Z4MJXlo1Fo62g.jpg validation/v2.0/labels/_ofjP6PF8Z4MJXlo1Fo62g.png
validation/images/IlQDRvfg_HvR3wcIo7aIjA.jpg validation/v2.0/labels/IlQDRvfg_HvR3wcIo7aIjA.png
validation/images/4qt-NFSSchuE6tJw5juVSQ.jpg validation/v2.0/labels/4qt-NFSSchuE6tJw5juVSQ.png
validation/images/wer8bUy6kZUILZEz1TjNRw.jpg validation/v2.0/labels/wer8bUy6kZUILZEz1TjNRw.png
validation/images/pDQXyKzd7fLTArd-8ASrDg.jpg validation/v2.0/labels/pDQXyKzd7fLTArd-8ASrDg.png
validation/images/z7Pipl5qGcFkmIYP_0qcfA.jpg validation/v2.0/labels/z7Pipl5qGcFkmIYP_0qcfA.png
validation/images/4PpjCXHfoZdPfbvVs-LRGA.jpg validation/v2.0/labels/4PpjCXHfoZdPfbvVs-LRGA.png
validation/images/wQXUEDWv0U1dfMrvZclygg.jpg validation/v2.0/labels/wQXUEDWv0U1dfMrvZclygg.png
validation/images/yQMHm4taGHzNFXtDbe0K6g.jpg validation/v2.0/labels/yQMHm4taGHzNFXtDbe0K6g.png
validation/images/rkgRtK8ON2cI0HaFEb-Zfw.jpg validation/v2.0/labels/rkgRtK8ON2cI0HaFEb-Zfw.png
validation/images/36a1LOpcxk_ieZim8Mi8Lg.jpg validation/v2.0/labels/36a1LOpcxk_ieZim8Mi8Lg.png
validation/images/PzSMOyD70iztojCuK62OIg.jpg validation/v2.0/labels/PzSMOyD70iztojCuK62OIg.png
validation/images/uWA2JYJnQl_LeNb35NFXzg.jpg validation/v2.0/labels/uWA2JYJnQl_LeNb35NFXzg.png
validation/images/p1doKVZfIUE3bQ8OjmBV3w.jpg validation/v2.0/labels/p1doKVZfIUE3bQ8OjmBV3w.png
validation/images/-mqVqUNOImM1OzSXoL44rA.jpg validation/v2.0/labels/-mqVqUNOImM1OzSXoL44rA.png
validation/images/8SbwGx-2V0cP97r9AAaxzw.jpg validation/v2.0/labels/8SbwGx-2V0cP97r9AAaxzw.png
validation/images/5r7rNqd7KRXGjVHjvwTCcw.jpg validation/v2.0/labels/5r7rNqd7KRXGjVHjvwTCcw.png
validation/images/orcuoE2IEwhMNCxSU9dT1A.jpg validation/v2.0/labels/orcuoE2IEwhMNCxSU9dT1A.png
validation/images/zqa8eULYrojrxAqJC_4WgA.jpg validation/v2.0/labels/zqa8eULYrojrxAqJC_4WgA.png
validation/images/iFYMMBHhVjrlqkGTbxW-sA.jpg validation/v2.0/labels/iFYMMBHhVjrlqkGTbxW-sA.png
validation/images/hOUbc7LYK0FA2gk3VCoTyg.jpg validation/v2.0/labels/hOUbc7LYK0FA2gk3VCoTyg.png
validation/images/CzSyjI5mjGUQvY-Pl85Yrw.jpg validation/v2.0/labels/CzSyjI5mjGUQvY-Pl85Yrw.png
validation/images/sDEZB26f1R4_kKKNEQS16A.jpg validation/v2.0/labels/sDEZB26f1R4_kKKNEQS16A.png
validation/images/REuoV8LgmWMSwwIGdlinWw.jpg validation/v2.0/labels/REuoV8LgmWMSwwIGdlinWw.png
validation/images/NP0fezkIujKfevTql41n7g.jpg validation/v2.0/labels/NP0fezkIujKfevTql41n7g.png
validation/images/UFfvlm9xDOWYTqcZqxtolg.jpg validation/v2.0/labels/UFfvlm9xDOWYTqcZqxtolg.png
validation/images/M0RgIsnTTtNTrcqxTGoXKw.jpg validation/v2.0/labels/M0RgIsnTTtNTrcqxTGoXKw.png
validation/images/nEtVe_rYk__WWN6qUq-HeQ.jpg validation/v2.0/labels/nEtVe_rYk__WWN6qUq-HeQ.png
validation/images/qgEb0Rvn7sgPBaeVJh5X6A.jpg validation/v2.0/labels/qgEb0Rvn7sgPBaeVJh5X6A.png
validation/images/g1m7azN-wt_9-2ptH5TTBQ.jpg validation/v2.0/labels/g1m7azN-wt_9-2ptH5TTBQ.png
validation/images/BaPyVtd83CG9fkk9Ayb9NA.jpg validation/v2.0/labels/BaPyVtd83CG9fkk9Ayb9NA.png
validation/images/OC0P4LlFQsMfyNUO-Z_xoA.jpg validation/v2.0/labels/OC0P4LlFQsMfyNUO-Z_xoA.png
validation/images/ZP4QyBO7v7dwcNTKrJ-rOA.jpg validation/v2.0/labels/ZP4QyBO7v7dwcNTKrJ-rOA.png
validation/images/hNqvdVlzkBCrXWnho7QqwQ.jpg validation/v2.0/labels/hNqvdVlzkBCrXWnho7QqwQ.png
validation/images/aeSSfNp5y952d0NuExNYTQ.jpg validation/v2.0/labels/aeSSfNp5y952d0NuExNYTQ.png
validation/images/pcNtClM258dup6gOygQ89g.jpg validation/v2.0/labels/pcNtClM258dup6gOygQ89g.png
validation/images/zEEXunoaM9GKLSkBjewI4A.jpg validation/v2.0/labels/zEEXunoaM9GKLSkBjewI4A.png
validation/images/VdLuVF8PK1HYFldXcGVB5w.jpg validation/v2.0/labels/VdLuVF8PK1HYFldXcGVB5w.png
validation/images/SyNlduHHsHsjURkcnmUPEQ.jpg validation/v2.0/labels/SyNlduHHsHsjURkcnmUPEQ.png
validation/images/wMveRkPBCUlgFdy-AtQwbQ.jpg validation/v2.0/labels/wMveRkPBCUlgFdy-AtQwbQ.png
validation/images/3pyaa2SLKTC47lFIRGmPlg.jpg validation/v2.0/labels/3pyaa2SLKTC47lFIRGmPlg.png
validation/images/uaGwHe5mAWUODKrwPTGbiQ.jpg validation/v2.0/labels/uaGwHe5mAWUODKrwPTGbiQ.png
validation/images/1Q7hEw4K52MUqo3W8-ygoA.jpg validation/v2.0/labels/1Q7hEw4K52MUqo3W8-ygoA.png
validation/images/0_bg9QV4-OGi7e4hLKfnlQ.jpg validation/v2.0/labels/0_bg9QV4-OGi7e4hLKfnlQ.png
validation/images/-hUGu_wVAkoTya0Gp1cCsA.jpg validation/v2.0/labels/-hUGu_wVAkoTya0Gp1cCsA.png
validation/images/ctsHt5G6K2nqU9kMLX5GQA.jpg validation/v2.0/labels/ctsHt5G6K2nqU9kMLX5GQA.png
validation/images/NB5zQenAt9-Y_ynlubfxzA.jpg validation/v2.0/labels/NB5zQenAt9-Y_ynlubfxzA.png
validation/images/1PHaEr3legyKwNuQJBIzsA.jpg validation/v2.0/labels/1PHaEr3legyKwNuQJBIzsA.png
validation/images/DF1-uIARksQuUbJ6qJbJ6Q.jpg validation/v2.0/labels/DF1-uIARksQuUbJ6qJbJ6Q.png
validation/images/KDJbc9eWOTpyfLmghj3BjA.jpg validation/v2.0/labels/KDJbc9eWOTpyfLmghj3BjA.png
validation/images/d1uWR2FjSm_nBoLS5jsDTA.jpg validation/v2.0/labels/d1uWR2FjSm_nBoLS5jsDTA.png
validation/images/6gmoXorO0manwFMVLWREGA.jpg validation/v2.0/labels/6gmoXorO0manwFMVLWREGA.png
validation/images/JV53UNrvoOxyT2xpAQOIpw.jpg validation/v2.0/labels/JV53UNrvoOxyT2xpAQOIpw.png
validation/images/SzOngsL4N16LQTV7Lyxgmw.jpg validation/v2.0/labels/SzOngsL4N16LQTV7Lyxgmw.png
validation/images/jf2HS3F3Anf9z7dQ6UpoIA.jpg validation/v2.0/labels/jf2HS3F3Anf9z7dQ6UpoIA.png
validation/images/xX0r0fdcx1xlDrBUqihiKA.jpg validation/v2.0/labels/xX0r0fdcx1xlDrBUqihiKA.png
validation/images/yQguUtVqRDAvJZL5WN5Yfw.jpg validation/v2.0/labels/yQguUtVqRDAvJZL5WN5Yfw.png
validation/images/7kRzgZJIl5kKXyPOlvPuAA.jpg validation/v2.0/labels/7kRzgZJIl5kKXyPOlvPuAA.png
validation/images/78WHRGl2_vYCjReXHvUZew.jpg validation/v2.0/labels/78WHRGl2_vYCjReXHvUZew.png
validation/images/To9jXidT488nZC6Vm4oLbA.jpg validation/v2.0/labels/To9jXidT488nZC6Vm4oLbA.png
validation/images/viGmzeisZdI2b-bGRJBZaQ.jpg validation/v2.0/labels/viGmzeisZdI2b-bGRJBZaQ.png
validation/images/kZ-nKrdildGfw4xUPGoR8A.jpg validation/v2.0/labels/kZ-nKrdildGfw4xUPGoR8A.png
validation/images/Bipxr4n7D8ATNC6swpdyjQ.jpg validation/v2.0/labels/Bipxr4n7D8ATNC6swpdyjQ.png
validation/images/nDCQXQZmxe8S4eXeDT-G4A.jpg validation/v2.0/labels/nDCQXQZmxe8S4eXeDT-G4A.png
validation/images/Mig5AntS3SHV5hCPtanAFw.jpg validation/v2.0/labels/Mig5AntS3SHV5hCPtanAFw.png
validation/images/Zga1j2Cc7ED8TuPEdQTV4Q.jpg validation/v2.0/labels/Zga1j2Cc7ED8TuPEdQTV4Q.png
validation/images/1ZH3JzuxLDhC90fBVdiaCg.jpg validation/v2.0/labels/1ZH3JzuxLDhC90fBVdiaCg.png
validation/images/F-Zk_X9-a84Tom14YCgdcQ.jpg validation/v2.0/labels/F-Zk_X9-a84Tom14YCgdcQ.png
validation/images/6hYSY9s_Z0wv_qHQc9fuJg.jpg validation/v2.0/labels/6hYSY9s_Z0wv_qHQc9fuJg.png
validation/images/b91fZvSFEVfHTOFou8pHFQ.jpg validation/v2.0/labels/b91fZvSFEVfHTOFou8pHFQ.png
validation/images/s8VRb5itPCHIh1ScPAHyYg.jpg validation/v2.0/labels/s8VRb5itPCHIh1ScPAHyYg.png
validation/images/WUtrLt4TLI8WLuNtjgQd3A.jpg validation/v2.0/labels/WUtrLt4TLI8WLuNtjgQd3A.png
validation/images/m7352KsDeNsJwz7gHRniCg.jpg validation/v2.0/labels/m7352KsDeNsJwz7gHRniCg.png
validation/images/aCc6EKeL6RQpletvtbv9gA.jpg validation/v2.0/labels/aCc6EKeL6RQpletvtbv9gA.png
validation/images/MZo8_z705dGGgYgDeGFbmw.jpg validation/v2.0/labels/MZo8_z705dGGgYgDeGFbmw.png
validation/images/eHuIrx7PbbA92NubkxVAjg.jpg validation/v2.0/labels/eHuIrx7PbbA92NubkxVAjg.png
validation/images/oqB-KEfQjBq6wA9AxZPIng.jpg validation/v2.0/labels/oqB-KEfQjBq6wA9AxZPIng.png
validation/images/mgnH36676D50_A1iJZEYiQ.jpg validation/v2.0/labels/mgnH36676D50_A1iJZEYiQ.png
validation/images/LyrfLKTP4qXYFBKqYBnF1Q.jpg validation/v2.0/labels/LyrfLKTP4qXYFBKqYBnF1Q.png
validation/images/UphMXR1aiAXBa8yAqxn-Ag.jpg validation/v2.0/labels/UphMXR1aiAXBa8yAqxn-Ag.png
validation/images/oJAdhUthZ3TD6plOYFciKg.jpg validation/v2.0/labels/oJAdhUthZ3TD6plOYFciKg.png
validation/images/JeLTvli2LnFbyW6wd-ndAg.jpg validation/v2.0/labels/JeLTvli2LnFbyW6wd-ndAg.png
validation/images/z7s0jAjdDVUbOk8QfYK9dA.jpg validation/v2.0/labels/z7s0jAjdDVUbOk8QfYK9dA.png
validation/images/gLntX9MpS9JGrwZfBvW7-A.jpg validation/v2.0/labels/gLntX9MpS9JGrwZfBvW7-A.png
validation/images/A30QVEgKuMFMczWmV6LGug.jpg validation/v2.0/labels/A30QVEgKuMFMczWmV6LGug.png
validation/images/68j1Jovb344yg8K_JWMcdQ.jpg validation/v2.0/labels/68j1Jovb344yg8K_JWMcdQ.png
validation/images/9DWQEtNiezLSghZ1vLKFgQ.jpg validation/v2.0/labels/9DWQEtNiezLSghZ1vLKFgQ.png
validation/images/VY-lxl7BkBcxNNWymStYfw.jpg validation/v2.0/labels/VY-lxl7BkBcxNNWymStYfw.png
validation/images/D94-nKEqaMSL-h2mYzcv2A.jpg validation/v2.0/labels/D94-nKEqaMSL-h2mYzcv2A.png
validation/images/2TMdzF5LSFnehkHD1PWk5g.jpg validation/v2.0/labels/2TMdzF5LSFnehkHD1PWk5g.png
validation/images/ROXgSM0NhAnPy_tvOC21Gw.jpg validation/v2.0/labels/ROXgSM0NhAnPy_tvOC21Gw.png
validation/images/k1daQMJoJWBKG7C38QS4ZQ.jpg validation/v2.0/labels/k1daQMJoJWBKG7C38QS4ZQ.png
validation/images/jErjw8O3N8r_5A_faJed2g.jpg validation/v2.0/labels/jErjw8O3N8r_5A_faJed2g.png
validation/images/4WhTJuwrLBw6NCpGbIMQ7g.jpg validation/v2.0/labels/4WhTJuwrLBw6NCpGbIMQ7g.png
validation/images/YyAJIQ5QoBUIEjs1lP6NWQ.jpg validation/v2.0/labels/YyAJIQ5QoBUIEjs1lP6NWQ.png
validation/images/MJg59vRdRmSVgUFNm0L1Pw.jpg validation/v2.0/labels/MJg59vRdRmSVgUFNm0L1Pw.png
validation/images/woqApfu3jMSJzeqYiH_Y3g.jpg validation/v2.0/labels/woqApfu3jMSJzeqYiH_Y3g.png
validation/images/Z4cmeBxLpUVIGQFuadnvCQ.jpg validation/v2.0/labels/Z4cmeBxLpUVIGQFuadnvCQ.png
validation/images/66xF73x2bk4F_rrxrfVqUw.jpg validation/v2.0/labels/66xF73x2bk4F_rrxrfVqUw.png
validation/images/3U6wenCWhkHzZjxMeFwaaw.jpg validation/v2.0/labels/3U6wenCWhkHzZjxMeFwaaw.png
validation/images/F0a-qBNUXh1JUn_8uP-oGg.jpg validation/v2.0/labels/F0a-qBNUXh1JUn_8uP-oGg.png
validation/images/TD4PkVKFcktH7q4GU7Eq0A.jpg validation/v2.0/labels/TD4PkVKFcktH7q4GU7Eq0A.png
validation/images/jYL7T8WG6dZ-yWZS7PTlgg.jpg validation/v2.0/labels/jYL7T8WG6dZ-yWZS7PTlgg.png
validation/images/ooV4oevKWXZBybts7vaz8Q.jpg validation/v2.0/labels/ooV4oevKWXZBybts7vaz8Q.png
validation/images/fFlD3UGGpp_i-3waRzvk-g.jpg validation/v2.0/labels/fFlD3UGGpp_i-3waRzvk-g.png
validation/images/WOmZ7c1TBIBWMA8y-0KOFQ.jpg validation/v2.0/labels/WOmZ7c1TBIBWMA8y-0KOFQ.png
validation/images/nTq_avx_ZPcsOgnX9boy6w.jpg validation/v2.0/labels/nTq_avx_ZPcsOgnX9boy6w.png
validation/images/aAcaQrZy91einjB0af8YFg.jpg validation/v2.0/labels/aAcaQrZy91einjB0af8YFg.png
validation/images/HDf-dhJVKMHZqpFFbFwe6Q.jpg validation/v2.0/labels/HDf-dhJVKMHZqpFFbFwe6Q.png
validation/images/8quL5ijwnqMl4e6MPw0E7Q.jpg validation/v2.0/labels/8quL5ijwnqMl4e6MPw0E7Q.png
validation/images/ZpF15NecT8ZM82G1J5NJhw.jpg validation/v2.0/labels/ZpF15NecT8ZM82G1J5NJhw.png
validation/images/Fjd-51Enqu3LXOuJEPMDfA.jpg validation/v2.0/labels/Fjd-51Enqu3LXOuJEPMDfA.png
validation/images/AlJ4BcPGxigZZV_j1nEiMA.jpg validation/v2.0/labels/AlJ4BcPGxigZZV_j1nEiMA.png
validation/images/hMBzZfR4h7IiEZ3YkYTS9A.jpg validation/v2.0/labels/hMBzZfR4h7IiEZ3YkYTS9A.png
validation/images/uGlZUb9e1jZuFxUYluhcRQ.jpg validation/v2.0/labels/uGlZUb9e1jZuFxUYluhcRQ.png
validation/images/a8KSotT59A4O1lT-UtTvWg.jpg validation/v2.0/labels/a8KSotT59A4O1lT-UtTvWg.png
validation/images/CWB0nnzwsdneEVlT1PEbOg.jpg validation/v2.0/labels/CWB0nnzwsdneEVlT1PEbOg.png
validation/images/P2COoyHFwi_WiFhVn-QcJQ.jpg validation/v2.0/labels/P2COoyHFwi_WiFhVn-QcJQ.png
validation/images/nUWJTMWKRDH8cxJsf5VMVw.jpg validation/v2.0/labels/nUWJTMWKRDH8cxJsf5VMVw.png
validation/images/WzvgzYKnr_WAG3AA-b3EEA.jpg validation/v2.0/labels/WzvgzYKnr_WAG3AA-b3EEA.png
validation/images/K6xP8GsVtzf2pcD5eZ8F5g.jpg validation/v2.0/labels/K6xP8GsVtzf2pcD5eZ8F5g.png
validation/images/46P_SNQCh9OfgyPRsRj6oA.jpg validation/v2.0/labels/46P_SNQCh9OfgyPRsRj6oA.png
validation/images/-9y4NjcjdoPFMs5wwC7otg.jpg validation/v2.0/labels/-9y4NjcjdoPFMs5wwC7otg.png
validation/images/VO6HYpsVM0AyYghYu8TRqw.jpg validation/v2.0/labels/VO6HYpsVM0AyYghYu8TRqw.png
validation/images/vZa-JaVmcA4TNmrZMbTAVg.jpg validation/v2.0/labels/vZa-JaVmcA4TNmrZMbTAVg.png
validation/images/zgHOkvnlfwlHWbIrpFGluw.jpg validation/v2.0/labels/zgHOkvnlfwlHWbIrpFGluw.png
validation/images/EhFIt4e3gfatVudp3m-r_Q.jpg validation/v2.0/labels/EhFIt4e3gfatVudp3m-r_Q.png
validation/images/DVf4WEF3wUQ8NZFzuQLaBg.jpg validation/v2.0/labels/DVf4WEF3wUQ8NZFzuQLaBg.png
validation/images/Kpuc81vbkJRppwBroR5WOg.jpg validation/v2.0/labels/Kpuc81vbkJRppwBroR5WOg.png
validation/images/iaX1lJsgrun-_5p-dC1GSw.jpg validation/v2.0/labels/iaX1lJsgrun-_5p-dC1GSw.png
validation/images/E7RcvV25J0bPB2XMzu3YLg.jpg validation/v2.0/labels/E7RcvV25J0bPB2XMzu3YLg.png
validation/images/THWWTxIA4Rewdo049mYEHQ.jpg validation/v2.0/labels/THWWTxIA4Rewdo049mYEHQ.png
validation/images/4OxhA2ih487NT38v5rtpPA.jpg validation/v2.0/labels/4OxhA2ih487NT38v5rtpPA.png
validation/images/I3OJEUCdetnvuPHpGQsOlQ.jpg validation/v2.0/labels/I3OJEUCdetnvuPHpGQsOlQ.png
validation/images/Q17bjyJyCt2KFfj8bGxtsQ.jpg validation/v2.0/labels/Q17bjyJyCt2KFfj8bGxtsQ.png
validation/images/eNG3Q4Yvz2GvYKMaEAcj6w.jpg validation/v2.0/labels/eNG3Q4Yvz2GvYKMaEAcj6w.png
validation/images/z5S_FKLMxFCza1G5dl1NcQ.jpg validation/v2.0/labels/z5S_FKLMxFCza1G5dl1NcQ.png
validation/images/HbsNVwzi3z-MPfJrVVsQkA.jpg validation/v2.0/labels/HbsNVwzi3z-MPfJrVVsQkA.png
validation/images/2GSXJnMNPdqamBUsPJreeQ.jpg validation/v2.0/labels/2GSXJnMNPdqamBUsPJreeQ.png
validation/images/QltJeHZBLXZWNnh-ol9YVw.jpg validation/v2.0/labels/QltJeHZBLXZWNnh-ol9YVw.png
validation/images/YvDmi6AAJjNC7iXKTZ1JUA.jpg validation/v2.0/labels/YvDmi6AAJjNC7iXKTZ1JUA.png
validation/images/NihgCecjGbYOrZ1gDqkSKw.jpg validation/v2.0/labels/NihgCecjGbYOrZ1gDqkSKw.png
validation/images/h878n2_DM0HHfXDvJL_r5A.jpg validation/v2.0/labels/h878n2_DM0HHfXDvJL_r5A.png
validation/images/kdyMcQfVrAtoyjCe92vupA.jpg validation/v2.0/labels/kdyMcQfVrAtoyjCe92vupA.png
validation/images/CMimK2BbqvvP71X_JSKvQA.jpg validation/v2.0/labels/CMimK2BbqvvP71X_JSKvQA.png
validation/images/T7A4R3EVBhoyPAMVSgWG8A.jpg validation/v2.0/labels/T7A4R3EVBhoyPAMVSgWG8A.png
validation/images/D4ec-L4mCAaVS2ap2u56Zg.jpg validation/v2.0/labels/D4ec-L4mCAaVS2ap2u56Zg.png
validation/images/pcR2x9mkLyVEpIa07juKcA.jpg validation/v2.0/labels/pcR2x9mkLyVEpIa07juKcA.png
validation/images/UwnS8uOzFiKZNTWzrFNBYA.jpg validation/v2.0/labels/UwnS8uOzFiKZNTWzrFNBYA.png
validation/images/y47xvR32iWEjzZbzp0EZXw.jpg validation/v2.0/labels/y47xvR32iWEjzZbzp0EZXw.png
validation/images/d-pYXRUL6fuXvyBrAfBs9g.jpg validation/v2.0/labels/d-pYXRUL6fuXvyBrAfBs9g.png
validation/images/KzXO8YJi9jdH0eWNBELAyA.jpg validation/v2.0/labels/KzXO8YJi9jdH0eWNBELAyA.png
validation/images/-C-x3xSPFIEjqbyVC5PRaQ.jpg validation/v2.0/labels/-C-x3xSPFIEjqbyVC5PRaQ.png
validation/images/r8Fz4rLob3xHngWfHhfLCg.jpg validation/v2.0/labels/r8Fz4rLob3xHngWfHhfLCg.png
validation/images/bdFCJ8-cpipNckz6rXKH-A.jpg validation/v2.0/labels/bdFCJ8-cpipNckz6rXKH-A.png
validation/images/Isv7IHuE4QJWcK5Q5yaRyA.jpg validation/v2.0/labels/Isv7IHuE4QJWcK5Q5yaRyA.png
validation/images/5sUQlQqNAFOopSCPB8r06A.jpg validation/v2.0/labels/5sUQlQqNAFOopSCPB8r06A.png
validation/images/DVkpesNIH0cv-rcoIdS4Ng.jpg validation/v2.0/labels/DVkpesNIH0cv-rcoIdS4Ng.png
validation/images/98MrRmZXdRLe2qdDPMUqZw.jpg validation/v2.0/labels/98MrRmZXdRLe2qdDPMUqZw.png
validation/images/DThbLpyvFb9M47kw0zBRPQ.jpg validation/v2.0/labels/DThbLpyvFb9M47kw0zBRPQ.png
validation/images/7RqY8SrGbZeuRqjPO7v7pg.jpg validation/v2.0/labels/7RqY8SrGbZeuRqjPO7v7pg.png
validation/images/Fk5yX163tC-KuT8wxHKIog.jpg validation/v2.0/labels/Fk5yX163tC-KuT8wxHKIog.png
validation/images/wbUwNW-WS7CLgu3hPFDpXg.jpg validation/v2.0/labels/wbUwNW-WS7CLgu3hPFDpXg.png
validation/images/j3GSOXGG50GDNbvJsWStyQ.jpg validation/v2.0/labels/j3GSOXGG50GDNbvJsWStyQ.png
validation/images/FMIK_4k7HkdNT_ydwXS1Kg.jpg validation/v2.0/labels/FMIK_4k7HkdNT_ydwXS1Kg.png
validation/images/63wfL6WBrpMCeKJuWxLz8Q.jpg validation/v2.0/labels/63wfL6WBrpMCeKJuWxLz8Q.png
